Component: Arm Compiler for Embedded 6.18 Tool: armlink [5e4cc100]

==============================================================================

Section Cross References

    main.o(.text.main) refers to main.o(.bss.current) for current
    main.o(.text.main) refers to final_functions.o(.text.water_level_init) for water_level_init
    main.o(.text.main) refers to keypad.o(.text.keypad_init) for keypad_init
    main.o(.text.main) refers to buttons.o(.text.buttons_init) for buttons_init
    main.o(.text.main) refers to lcd.o(.text.LCD_port_init) for LCD_port_init
    main.o(.text.main) refers to lcd.o(.text.LCD_init) for LCD_init
    main.o(.text.main) refers to infared.o(.text.Infared_init) for Infared_init
    main.o(.text.main) refers to final_functions.o(.text.water_valve_init) for water_valve_init
    main.o(.text.main) refers to final_functions.o(.text.stepper_motor_init) for stepper_motor_init
    main.o(.text.main) refers to spi.o(.text.SPI_init) for SPI_init
    main.o(.text.main) refers to keypad.o(.text.idle_timer_init) for idle_timer_init
    main.o(.text.main) refers to final_functions.o(.text.driveMotor) for driveMotor
    main.o(.text.main) refers to final_functions.o(.text.read_water_level) for read_water_level
    main.o(.text.main) refers to lcd.o(.text.place_lcd_cursor) for place_lcd_cursor
    main.o(.text.main) refers to main.o(.rodata.str1.1) for .L.str
    main.o(.text.main) refers to lcd.o(.text.LCD_print_string) for LCD_print_string
    main.o(.text.main) refers to final_functions.o(.text.water_control) for water_control
    main.o(.text.main) refers to final_functions.o(.text.myDelay) for myDelay
    main.o(.ARM.exidx.text.main) refers to main.o(.text.main) for [Anonymous Symbol]
    main.o(.text.EXTI2_IRQHandler) refers to main.o(.bss.current) for current
    main.o(.text.EXTI2_IRQHandler) refers to main.o(.text.__NVIC_ClearPendingIRQ) for __NVIC_ClearPendingIRQ
    main.o(.text.EXTI2_IRQHandler) refers to final_functions.o(.text.myDelay) for myDelay
    main.o(.ARM.exidx.text.EXTI2_IRQHandler) refers to main.o(.text.EXTI2_IRQHandler) for [Anonymous Symbol]
    main.o(.ARM.exidx.text.__NVIC_ClearPendingIRQ) refers to main.o(.text.__NVIC_ClearPendingIRQ) for [Anonymous Symbol]
    main.o(.text.EXTI4_IRQHandler) refers to main.o(.bss.current) for current
    main.o(.text.EXTI4_IRQHandler) refers to main.o(.text.__NVIC_ClearPendingIRQ) for __NVIC_ClearPendingIRQ
    main.o(.text.EXTI4_IRQHandler) refers to spi.o(.text.TIM3_init) for TIM3_init
    main.o(.ARM.exidx.text.EXTI4_IRQHandler) refers to main.o(.text.EXTI4_IRQHandler) for [Anonymous Symbol]
    main.o(.text.EXTI15_10_IRQHandler) refers to main.o(.bss.current) for current
    main.o(.text.EXTI15_10_IRQHandler) refers to main.o(.text.__NVIC_ClearPendingIRQ) for __NVIC_ClearPendingIRQ
    main.o(.text.EXTI15_10_IRQHandler) refers to keypad.o(.text.read_input) for read_input
    main.o(.text.EXTI15_10_IRQHandler) refers to main.o(.bss.inputString) for inputString
    main.o(.text.EXTI15_10_IRQHandler) refers to strlen.o(.text) for strlen
    main.o(.text.EXTI15_10_IRQHandler) refers to atoi.o(.text) for atoi
    main.o(.text.EXTI15_10_IRQHandler) refers to main.o(.bss.timerVal) for timerVal
    main.o(.text.EXTI15_10_IRQHandler) refers to lcd.o(.text.print_seconds) for print_seconds
    main.o(.text.EXTI15_10_IRQHandler) refers to lcd.o(.text.LCD_clear) for LCD_clear
    main.o(.text.EXTI15_10_IRQHandler) refers to strcat.o(.text) for strcat
    main.o(.text.EXTI15_10_IRQHandler) refers to lcd.o(.text.LCD_print_string) for LCD_print_string
    main.o(.ARM.exidx.text.EXTI15_10_IRQHandler) refers to main.o(.text.EXTI15_10_IRQHandler) for [Anonymous Symbol]
    main.o(.text.EXTI9_5_IRQHandler) refers to main.o(.text.__NVIC_ClearPendingIRQ) for __NVIC_ClearPendingIRQ
    main.o(.text.EXTI9_5_IRQHandler) refers to main.o(.bss.timerVal) for timerVal
    main.o(.text.EXTI9_5_IRQHandler) refers to lcd.o(.text.LCD_clear) for LCD_clear
    main.o(.text.EXTI9_5_IRQHandler) refers to main.o(.rodata.str1.1) for .L.str.2
    main.o(.text.EXTI9_5_IRQHandler) refers to lcd.o(.text.LCD_print_string) for LCD_print_string
    main.o(.text.EXTI9_5_IRQHandler) refers to main.o(.bss.current) for current
    main.o(.text.EXTI9_5_IRQHandler) refers to main.o(.bss.inputString) for inputString
    main.o(.ARM.exidx.text.EXTI9_5_IRQHandler) refers to main.o(.text.EXTI9_5_IRQHandler) for [Anonymous Symbol]
    main.o(.text.SysTick_Handler) refers to main.o(.bss.current) for current
    main.o(.text.SysTick_Handler) refers to main.o(.bss.timerVal) for timerVal
    main.o(.text.SysTick_Handler) refers to lcd.o(.text.print_seconds) for print_seconds
    main.o(.ARM.exidx.text.SysTick_Handler) refers to main.o(.text.SysTick_Handler) for [Anonymous Symbol]
    main.o(.text.TIM3_IRQHandler) refers to main.o(.bss.data_x) for data_x
[...]
    __NVIC_ClearPendingIRQ                   0x08002119   Thumb Code    48  infared.o(.text.__NVIC_ClearPendingIRQ)
    [Anonymous Symbol]                       0x08002118   Section        0  infared.o(.text.__NVIC_ClearPendingIRQ)
    __NVIC_ClearPendingIRQ                   0x08002149   Thumb Code    48  spi.o(.text.__NVIC_ClearPendingIRQ)
    [Anonymous Symbol]                       0x08002148   Section        0  spi.o(.text.__NVIC_ClearPendingIRQ)
    __NVIC_DisableIRQ                        0x08002179   Thumb Code    56  main.o(.text.__NVIC_DisableIRQ)
    [Anonymous Symbol]                       0x08002178   Section        0  main.o(.text.__NVIC_DisableIRQ)
    __NVIC_EnableIRQ                         0x080021b1   Thumb Code    48  keypad.o(.text.__NVIC_EnableIRQ)
    [Anonymous Symbol]                       0x080021b0   Section        0  keypad.o(.text.__NVIC_EnableIRQ)
    __NVIC_EnableIRQ                         0x080021e1   Thumb Code    48  buttons.o(.text.__NVIC_EnableIRQ)
    [Anonymous Symbol]                       0x080021e0   Section        0  buttons.o(.text.__NVIC_EnableIRQ)
    __NVIC_EnableIRQ                         0x08002211   Thumb Code    48  infared.o(.text.__NVIC_EnableIRQ)
    [Anonymous Symbol]                       0x08002210   Section        0  infared.o(.text.__NVIC_EnableIRQ)
    __NVIC_EnableIRQ                         0x08002241   Thumb Code    48  spi.o(.text.__NVIC_EnableIRQ)
    [Anonymous Symbol]                       0x08002240   Section        0  spi.o(.text.__NVIC_EnableIRQ)
    __NVIC_SetPriority                       0x08002271   Thumb Code    66  keypad.o(.text.__NVIC_SetPriority)
    [Anonymous Symbol]                       0x08002270   Section        0  keypad.o(.text.__NVIC_SetPriority)
    __NVIC_SetPriority                       0x080022b5   Thumb Code    66  final_functions.o(.text.__NVIC_SetPriority)
    [Anonymous Symbol]                       0x080022b4   Section        0  final_functions.o(.text.__NVIC_SetPriority)
    __NVIC_SetPriority                       0x080022f9   Thumb Code    66  buttons.o(.text.__NVIC_SetPriority)
    [Anonymous Symbol]                       0x080022f8   Section        0  buttons.o(.text.__NVIC_SetPriority)
    __NVIC_SetPriority                       0x0800233d   Thumb Code    66  infared.o(.text.__NVIC_SetPriority)
    [Anonymous Symbol]                       0x0800233c   Section        0  infared.o(.text.__NVIC_SetPriority)
    __NVIC_SetPriority                       0x08002381   Thumb Code    66  spi.o(.text.__NVIC_SetPriority)
    [Anonymous Symbol]                       0x08002380   Section        0  spi.o(.text.__NVIC_SetPriority)
    [Anonymous Symbol]                       0x080023c4   Section        0  buttons.o(.text.buttons_init)
    [Anonymous Symbol]                       0x0800245c   Section        0  lcd.o(.text.check_BF)
    [Anonymous Symbol]                       0x080024e0   Section        0  lcd.o(.text.clear_PIN)
    [Anonymous Symbol]                       0x08002500   Section        0  keypad.o(.text.convert_input)
    [Anonymous Symbol]                       0x08002540   Section        0  final_functions.o(.text.driveMotor)
    [Anonymous Symbol]                       0x08002778   Section        0  keypad.o(.text.idle_timer_init)
    [Anonymous Symbol]                       0x080027dc   Section        0  keypad.o(.text.keypad_init)
    [Anonymous Symbol]                       0x08002854   Section        0  main.o(.text.main)
    [Anonymous Symbol]                       0x080029fc   Section        0  final_functions.o(.text.myDelay)
    [Anonymous Symbol]                       0x08002a24   Section        0  lcd.o(.text.place_lcd_cursor)
    [Anonymous Symbol]                       0x08002a58   Section        0  lcd.o(.text.print_seconds)
    [Anonymous Symbol]                       0x08002a78   Section        0  keypad.o(.text.read_input)
    [Anonymous Symbol]                       0x08002b4c   Section        0  final_functions.o(.text.read_water_level)
    [Anonymous Symbol]                       0x08002bb4   Section        0  lcd.o(.text.set_PIN)
    [Anonymous Symbol]                       0x08002bd4   Section        0  keypad.o(.text.set_columns_input)
    [Anonymous Symbol]                       0x08002c00   Section        0  keypad.o(.text.set_columns_output)
    [Anonymous Symbol]                       0x08002c28   Section        0  keypad.o(.text.set_rows_input)
    [Anonymous Symbol]                       0x08002c54   Section        0  keypad.o(.text.set_rows_output)
    [Anonymous Symbol]                       0x08002c7c   Section        0  spi.o(.text.shift)
    [Anonymous Symbol]                       0x08002cac   Section        0  spi.o(.text.spi_send)
    [Anonymous Symbol]                       0x08002ce4   Section        0  final_functions.o(.text.stepper_motor_init)
    [Anonymous Symbol]                       0x08002d24   Section        0  final_functions.o(.text.water_control)
    [Anonymous Symbol]                       0x08002d54   Section        0  final_functions.o(.text.water_level_init)
    [Anonymous Symbol]                       0x08002dec   Section        0  final_functions.o(.text.water_valve_init)
    CL$$btod_d2e                             0x08002e0c   Section       62  btod.o(CL$$btod_d2e)
    CL$$btod_d2e_denorm_low                  0x08002e4a   Section       70  btod.o(CL$$btod_d2e_denorm_low)
    CL$$btod_d2e_norm_op1                    0x08002e90   Section       96  btod.o(CL$$btod_d2e_norm_op1)
    CL$$btod_div_common                      0x08002ef0   Section      824  btod.o(CL$$btod_div_common)
    CL$$btod_e2e                             0x08003228   Section      220  btod.o(CL$$btod_e2e)
    CL$$btod_ediv                            0x08003304   Section       42  btod.o(CL$$btod_ediv)
    CL$$btod_emul                            0x0800332e   Section       42  btod.o(CL$$btod_emul)
    CL$$btod_mult_common                     0x08003358   Section      580  btod.o(CL$$btod_mult_common)
    i.__ARM_fpclassify                       0x0800359c   Section        0  fpclassify.o(i.__ARM_fpclassify)
    i.__hardfp_sqrt                          0x080035cc   Section        0  sqrt.o(i.__hardfp_sqrt)
    i._is_digit                              0x08003646   Section        0  __printf_wp.o(i._is_digit)
    locale$$code                             0x08003654   Section       44  lc_ctype_c.o(locale$$code)
    locale$$code                             0x08003680   Section       44  lc_numeric_c.o(locale$$code)
    $v0                                      0x080036ac   Number         0  d2f.o(x$fpl$d2f)
    x$fpl$d2f                                0x080036ac   Section       98  d2f.o(x$fpl$d2f)
    $v0                                      0x08003710   Number         0  daddsub_clz.o(x$fpl$dadd)
    x$fpl$dadd                               0x08003710   Section      336  daddsub_clz.o(x$fpl$dadd)
    _dadd1                                   0x08003721   Thumb Code     0  daddsub_clz.o(x$fpl$dadd)
    $v0                                      0x08003860   Number         0  dcmpi.o(x$fpl$dcmpinf)
    x$fpl$dcmpinf                            0x08003860   Section       24  dcmpi.o(x$fpl$dcmpinf)
    $v0                                      0x08003878   Number         0  ddiv.o(x$fpl$ddiv)
    x$fpl$ddiv                               0x08003878   Section      692  ddiv.o(x$fpl$ddiv)
    ddiv_entry                               0x0800387f   Thumb Code     0  ddiv.o(x$fpl$ddiv)
    $v0                                      0x08003b2c   Number         0  deqf.o(x$fpl$deqf)
    x$fpl$deqf                               0x08003b2c   Section      120  deqf.o(x$fpl$deqf)
    $v0                                      0x08003ba4   Number         0  dflt_clz.o(x$fpl$dflt)
    x$fpl$dflt                               0x08003ba4   Section       46  dflt_clz.o(x$fpl$dflt)
    $v0                                      0x08003bd4   Number         0  dgeqf.o(x$fpl$dgeqf)
    x$fpl$dgeqf                              0x08003bd4   Section      120  dgeqf.o(x$fpl$dgeqf)
    $v0                                      0x08003c4c   Number         0  dleqf.o(x$fpl$dleqf)
    x$fpl$dleqf                              0x08003c4c   Section      120  dleqf.o(x$fpl$dleqf)
    $v0                                      0x08003cc4   Number         0  dnaninf.o(x$fpl$dnaninf)
    x$fpl$dnaninf                            0x08003cc4   Section      156  dnaninf.o(x$fpl$dnaninf)
    $v0                                      0x08003d60   Number         0  dretinf.o(x$fpl$dretinf)
    x$fpl$dretinf                            0x08003d60   Section       12  dretinf.o(x$fpl$dretinf)
    $v0                                      0x08003d6c   Number         0  dsqrt_umaal.o(x$fpl$dsqrt)
    x$fpl$dsqrt                              0x08003d6c   Section      408  dsqrt_umaal.o(x$fpl$dsqrt)
    $v0                                      0x08003f04   Number         0  daddsub_clz.o(x$fpl$dsub)
    x$fpl$dsub                               0x08003f04   Section      476  daddsub_clz.o(x$fpl$dsub)
    _dsub1                                   0x08003f15   Thumb Code     0  daddsub_clz.o(x$fpl$dsub)
    $v0                                      0x080040e0   Number         0  f2d.o(x$fpl$f2d)
    x$fpl$f2d                                0x080040e0   Section       86  f2d.o(x$fpl$f2d)
    $v0                                      0x08004136   Number         0  dcmp.o(x$fpl$fcmp)
    x$fpl$fcmp                               0x08004136   Section       84  dcmp.o(x$fpl$fcmp)
    $v0                                      0x0800418a   Number         0  fnaninf.o(x$fpl$fnaninf)
    x$fpl$fnaninf                            0x0800418a   Section      140  fnaninf.o(x$fpl$fnaninf)
    $v0                                      0x08004216   Number         0  fpinit.o(x$fpl$fpinit)
    x$fpl$fpinit                             0x08004216   Section       26  fpinit.o(x$fpl$fpinit)
    $v0                                      0x08004230   Number         0  fretinf.o(x$fpl$fretinf)
    x$fpl$fretinf                            0x08004230   Section       10  fretinf.o(x$fpl$fretinf)
    $v0                                      0x0800423a   Number         0  printf1.o(x$fpl$printf1)
    x$fpl$printf1                            0x0800423a   Section        4  printf1.o(x$fpl$printf1)
    $v0                                      0x0800423e   Number         0  printf2.o(x$fpl$printf2)
    x$fpl$printf2                            0x0800423e   Section        4  printf2.o(x$fpl$printf2)
    x$fpl$usenofp                            0x08004242   Section        0  usenofp.o(x$fpl$usenofp)
    initial_mbstate                          0x08004244   Data           8  _printf_wctomb.o(.constdata)
    .constdata                               0x08004244   Section        8  _printf_wctomb.o(.constdata)
    uc_hextab                                0x0800424c   Data          20  _printf_hex_int_ll_ptr.o(.constdata)
    .constdata                               0x0800424c   Section       40  _printf_hex_int_ll_ptr.o(.constdata)
    lc_hextab                                0x08004260   Data          20  _printf_hex_int_ll_ptr.o(.constdata)
    maptable                                 0x08004274   Data          17  __printf_flags_ss_wp.o(.constdata)
    .constdata                               0x08004274   Section       17  __printf_flags_ss_wp.o(.constdata)
    lc_hextab                                0x08004285   Data          19  _printf_fp_hex.o(.constdata)
    .constdata                               0x08004285   Section       38  _printf_fp_hex.o(.constdata)
    uc_hextab                                0x08004298   Data          19  _printf_fp_hex.o(.constdata)
    tenpwrs_x                                0x080042ac   Data          60  bigflt0.o(.constdata)
    .constdata                               0x080042ac   Section      148  bigflt0.o(.constdata)
    tenpwrs_i                                0x080042e8   Data          64  bigflt0.o(.constdata)
    .L.str.2                                 0x08004340   Data           9  main.o(.rodata.str1.1)
    [Anonymous Symbol]                       0x08004340   Section        0  main.o(.rodata.str1.1)
    .L.str                                   0x08004349   Data           9  main.o(.rodata.str1.1)
    .L.str.3                                 0x08004352   Data           6  main.o(.rodata.str1.1)
    .L.str.1                                 0x08004358   Data          16  main.o(.rodata.str1.1)
    .L.str.1                                 0x08004368   Data           3  lcd.o(.rodata.str1.1)
    [Anonymous Symbol]                       0x08004368   Section        0  lcd.o(.rodata.str1.1)
    .L.str                                   0x0800436b   Data           6  lcd.o(.rodata.str1.1)
    .L.str.2                                 0x08004371   Data           6  lcd.o(.rodata.str1.1)
    locale$$data                             0x08004398   Section      272  lc_ctype_c.o(locale$$data)
    __lcctype_c_name                         0x0800439c   Data           2  lc_ctype_c.o(locale$$data)
    __lcctype_c_start                        0x080043a4   Data           0  lc_ctype_c.o(locale$$data)
    __lcctype_c_end                          0x080044a8   Data           0  lc_ctype_c.o(locale$$data)
    locale$$data                             0x080044a8   Section       28  lc_numeric_c.o(locale$$data)
    __lcnum_c_name                           0x080044ac   Data           2  lc_numeric_c.o(locale$$data)
    __lcnum_c_start                          0x080044b4   Data           0  lc_numeric_c.o(locale$$data)
    __lcnum_c_point                          0x080044c0   Data           0  lc_numeric_c.o(locale$$data)
    __lcnum_c_thousands                      0x080044c2   Data           0  lc_numeric_c.o(locale$$data)
    __lcnum_c_grouping                       0x080044c3   Data           0  lc_numeric_c.o(locale$$data)
    __lcnum_c_end                            0x080044c4   Data           0  lc_numeric_c.o(locale$$data)
    keypad                                   0x20000000   Data          12  keypad.o(.data.keypad)
    [Anonymous Symbol]                       0x20000000   Section        0  keypad.o(.data.keypad)
    .bss                                     0x20000010   Section       96  libspace.o(.bss)
    TIM3_IRQHandler.output                   0x20000070   Data           8  main.o(.bss.TIM3_IRQHandler.output)
    [Anonymous Symbol]                       0x20000070   Section        0  main.o(.bss.TIM3_IRQHandler.output)
    bf                                       0x20000078   Data           1  lcd.o(.bss.bf)
    [Anonymous Symbol]                       0x20000078   Section        0  lcd.o(.bss.bf)
    inputString                              0x20000082   Data          16  main.o(.bss.inputString)
    [Anonymous Symbol]                       0x20000082   Section        0  main.o(.bss.inputString)
    timerVal                                 0x20000094   Data           4  main.o(.bss.timerVal)
    [Anonymous Symbol]                       0x20000094   Section        0  main.o(.bss.timerVal)
    timerVal                                 0x20000098   Data           4  keypad.o(.bss.timerVal)
    [Anonymous Symbol]                       0x20000098   Section        0  keypad.o(.bss.timerVal)
    timerVal                                 0x2000009c   Data           4  final_functions.o(.bss.timerVal)
    [Anonymous Symbol]                       0x2000009c   Section        0  final_functions.o(.bss.timerVal)
    Heap_Mem                                 0x200000a0   Data         512  startup_stm32f407xx.o(HEAP)
    HEAP                                     0x200000a0   Section      512  startup_stm32f407xx.o(HEAP)
    Stack_Mem                                0x200002a0   Data        1024  startup_stm32f407xx.o(STACK)
    STACK                                    0x200002a0   Section     1024  startup_stm32f407xx.o(STACK)
    __initial_sp                             0x200006a0   Data           0  startup_stm32f407xx.o(STACK)

    Global Symbols

    Symbol Name                              Value     Ov Type        Size  Object(Section)

    BuildAttributes$$THM_ISAv4$E$P$D$K$B$S$7EM$VFPi3$EXTD16$VFPS$VFMA$PE$A:L22UL41UL21$X:L11$S22US41US21$IEEE1$IW$~IW$USESV6$~STKCKD$USESV7$~SHL$OTIME$ROPI$IEEEJ$EBA8$UX$STANDARDLIB$REQ8$PRES8$EABIv2 0x00000000   Number         0  anon$$obj.o ABSOLUTE
    _printf_flags                            0x00000000   Number         0  printf_stubs.o ABSOLUTE
    _printf_return_value                     0x00000000   Number         0  printf_stubs.o ABSOLUTE
    _printf_sizespec                         0x00000000   Number         0  printf_stubs.o ABSOLUTE
    _printf_widthprec                        0x00000000   Number         0  printf_stubs.o ABSOLUTE
    __ARM_exceptions_init                     - Undefined Weak Reference
    __alloca_initialize                       - Undefined Weak Reference
    __arm_preinit_                            - Undefined Weak Reference
    __arm_relocate_pie_                       - Undefined Weak Reference
    __cpp_initialize__aeabi_                  - Undefined Weak Reference
    __cxa_finalize                            - Undefined Weak Reference
    __sigvec_lookup                           - Undefined Weak Reference
    _atexit_init                              - Undefined Weak Reference
    _call_atexit_fns                          - Undefined Weak Reference
    _clock_init                               - Undefined Weak Reference
    _fp_trap_init                             - Undefined Weak Reference
    _fp_trap_shutdown                         - Undefined Weak Reference
    _get_lc_collate                           - Undefined Weak Reference
    _get_lc_monetary                          - Undefined Weak Reference
    _get_lc_time                              - Undefined Weak Reference
    _getenv_init                              - Undefined Weak Reference
    _handle_redirection                       - Undefined Weak Reference
    _init_alloc                               - Undefined Weak Reference
    _init_user_alloc                          - Undefined Weak Reference
    _initio                                   - Undefined Weak Reference
    _printf_mbtowc                            - Undefined Weak Reference
    _printf_wc                                - Undefined Weak Reference
    _rand_init                                - Undefined Weak Reference
    _signal_finish                            - Undefined Weak Reference
    _signal_init                              - Undefined Weak Reference
    _terminate_alloc                          - Undefined Weak Reference
    _terminate_user_alloc                     - Undefined Weak Reference
    _terminateio                              - Undefined Weak Reference
    __Vectors_Size                           0x00000188   Number         0  startup_stm32f407xx.o ABSOLUTE
    __Vectors                                0x08000000   Data           4  startup_stm32f407xx.o(RESET)
    __Vectors_End                            0x08000188   Data           0  startup_stm32f407xx.o(RESET)
    __main                                   0x08000189   Thumb Code     8  __main.o(!!!main)
    __scatterload                            0x08000191   Thumb Code     0  __scatter.o(!!!scatter)
    __scatterload_rt2                        0x08000191   Thumb Code    44  __scatter.o(!!!scatter)
    __scatterload_rt2_thumb_only             0x08000191   Thumb Code     0  __scatter.o(!!!scatter)
    __scatterload_null                       0x0800019f   Thumb Code     0  __scatter.o(!!!scatter)
    __scatterload_copy                       0x080001c5   Thumb Code    26  __scatter_copy.o(!!handler_copy)
    __scatterload_zeroinit                   0x080001e1   Thumb Code    28  __scatter_zi.o(!!handler_zi)
    _printf_n                                0x080001fd   Thumb Code     0  _printf_n.o(.ARM.Collect$$_printf_percent$$00000001)
    _printf_percent                          0x080001fd   Thumb Code     0  _printf_percent.o(.ARM.Collect$$_printf_percent$$00000000)
    _printf_p                                0x08000203   Thumb Code     0  _printf_p.o(.ARM.Collect$$_printf_percent$$00000002)
    _printf_f                                0x08000209   Thumb Code     0  _printf_f.o(.ARM.Collect$$_printf_percent$$00000003)
    _printf_e                                0x0800020f   Thumb Code     0  _printf_e.o(.ARM.Collect$$_printf_percent$$00000004)
    _printf_g                                0x08000215   Thumb Code     0  _printf_g.o(.ARM.Collect$$_printf_percent$$00000005)
    _printf_a                                0x0800021b   Thumb Code     0  _printf_a.o(.ARM.Collect$$_printf_percent$$00000006)
    _printf_ll                               0x08000221   Thumb Code     0  _printf_ll.o(.ARM.Collect$$_printf_percent$$00000007)
    _printf_i                                0x0800022b   Thumb Code     0  _printf_i.o(.ARM.Collect$$_printf_percent$$00000008)
    _printf_d                                0x08000231   Thumb Code     0  _printf_d.o(.ARM.Collect$$_printf_percent$$00000009)
    _printf_u                                0x08000237   Thumb Code     0  _printf_u.o(.ARM.Collect$$_printf_percent$$0000000A)
    _printf_o                                0x0800023d   Thumb Code     0  _printf_o.o(.ARM.Collect$$_printf_percent$$0000000B)
    _printf_x                                0x08000243   Thumb Code     0  _printf_x.o(.ARM.Collect$$_printf_percent$$0000000C)
    _printf_lli                              0x08000249   Thumb Code     0  _printf_lli.o(.ARM.Collect$$_printf_percent$$0000000D)
    _printf_lld                              0x0800024f   Thumb Code     0  _printf_lld.o(.ARM.Collect$$_printf_percent$$0000000E)
    _printf_llu                              0x08000255   Thumb Code     0  _printf_llu.o(.ARM.Collect$$_printf_percent$$0000000F)
    _printf_llo                              0x0800025b   Thumb Code     0  _printf_llo.o(.ARM.Collect$$_printf_percent$$00000010)
    _printf_llx                              0x08000261   Thumb Code     0  _printf_llx.o(.ARM.Collect$$_printf_percent$$00000011)
    _printf_l                                0x08000267   Thumb Code     0  _printf_l.o(.ARM.Collect$$_printf_percent$$00000012)
    _printf_c                                0x08000271   Thumb Code     0  _printf_c.o(.ARM.Collect$$_printf_percent$$00000013)
    _printf_s                                0x08000277   Thumb Code     0  _printf_s.o(.ARM.Collect$$_printf_percent$$00000014)
    _printf_lc                               0x0800027d   Thumb Code     0  _printf_lc.o(.ARM.Collect$$_printf_percent$$00000015)
    _printf_ls                               0x08000283   Thumb Code     0  _printf_ls.o(.ARM.Collect$$_printf_percent$$00000016)
    _printf_percent_end                      0x08000289   Thumb Code     0  _printf_percent_end.o(.ARM.Collect$$_printf_percent$$00000017)
    __rt_lib_init                            0x0800028d   Thumb Code     0  libinit.o(.ARM.Collect$$libinit$$00000000)
    __rt_lib_init_fp_1                       0x0800028f   Thumb Code     0  libinit2.o(.ARM.Collect$$libinit$$00000001)
    __rt_lib_init_heap_1                     0x08000293   Thumb Code     0  libinit2.o(.ARM.Collect$$libinit$$0000000C)
    __rt_lib_init_lc_common                  0x08000293   Thumb Code     0  libinit2.o(.ARM.Collect$$libinit$$00000011)
    __rt_lib_init_preinit_1                  0x08000293   Thumb Code     0  libinit2.o(.ARM.Collect$$libinit$$00000006)
    __rt_lib_init_rand_1                     0x08000293   Thumb Code     0  libinit2.o(.ARM.Collect$$libinit$$00000010)
    __rt_lib_init_relocate_pie_1             0x08000293   Thumb Code     0  libinit2.o(.ARM.Collect$$libinit$$00000004)
    __rt_lib_init_user_alloc_1               0x08000293   Thumb Code     0  libinit2.o(.ARM.Collect$$libinit$$0000000E)
    __rt_lib_init_lc_collate_1               0x08000299   Thumb Code     0  libinit2.o(.ARM.Collect$$libinit$$00000013)
    __rt_lib_init_lc_ctype_2                 0x08000299   Thumb Code     0  libinit2.o(.ARM.Collect$$libinit$$00000014)
    __rt_lib_init_lc_ctype_1                 0x080002a5   Thumb Code     0  libinit2.o(.ARM.Collect$$libinit$$00000015)
    __rt_lib_init_lc_monetary_1              0x080002a5   Thumb Code     0  libinit2.o(.ARM.Collect$$libinit$$00000017)
    __rt_lib_init_lc_numeric_2               0x080002a5   Thumb Code     0  libinit2.o(.ARM.Collect$$libinit$$00000018)
    __rt_lib_init_alloca_1                   0x080002af   Thumb Code     0  libinit2.o(.ARM.Collect$$libinit$$00000030)
    __rt_lib_init_argv_1                     0x080002af   Thumb Code     0  libinit2.o(.ARM.Collect$$libinit$$0000002E)
    __rt_lib_init_atexit_1                   0x080002af   Thumb Code     0  libinit2.o(.ARM.Collect$$libinit$$0000001D)
    __rt_lib_init_clock_1                    0x080002af   Thumb Code     0  libinit2.o(.ARM.Collect$$libinit$$00000023)
    __rt_lib_init_cpp_1                      0x080002af   Thumb Code     0  libinit2.o(.ARM.Collect$$libinit$$00000034)
    __rt_lib_init_exceptions_1               0x080002af   Thumb Code     0  libinit2.o(.ARM.Collect$$libinit$$00000032)
    __rt_lib_init_fp_trap_1                  0x080002af   Thumb Code     0  libinit2.o(.ARM.Collect$$libinit$$00000021)
    __rt_lib_init_getenv_1                   0x080002af   Thumb Code     0  libinit2.o(.ARM.Collect$$libinit$$00000025)
    __rt_lib_init_lc_numeric_1               0x080002af   Thumb Code     0  libinit2.o(.ARM.Collect$$libinit$$00000019)
    __rt_lib_init_lc_time_1                  0x080002af   Thumb Code     0  libinit2.o(.ARM.Collect$$libinit$$0000001B)
    __rt_lib_init_return                     0x080002af   Thumb Code     0  libinit2.o(.ARM.Collect$$libinit$$00000035)
    __rt_lib_init_signal_1                   0x080002af   Thumb Code     0  libinit2.o(.ARM.Collect$$libinit$$0000001F)
    __rt_lib_init_stdio_1                    0x080002af   Thumb Code     0  libinit2.o(.ARM.Collect$$libinit$$00000027)
    __rt_lib_shutdown                        0x080002b1   Thumb Code     0  libshutdown.o(.ARM.Collect$$libshutdown$$00000000)
    __rt_lib_shutdown_cpp_1                  0x080002b3   Thumb Code     0  libshutdown2.o(.ARM.Collect$$libshutdown$$00000002)
    __rt_lib_shutdown_fp_trap_1              0x080002b3   Thumb Code     0  libshutdown2.o(.ARM.Collect$$libshutdown$$00000007)
    __rt_lib_shutdown_heap_1                 0x080002b3   Thumb Code     0  libshutdown2.o(.ARM.Collect$$libshutdown$$0000000F)
    __rt_lib_shutdown_return                 0x080002b3   Thumb Code     0  libshutdown2.o(.ARM.Collect$$libshutdown$$00000010)
    __rt_lib_shutdown_signal_1               0x080002b3   Thumb Code     0  libshutdown2.o(.ARM.Collect$$libshutdown$$0000000A)
    __rt_lib_shutdown_stdio_1                0x080002b3   Thumb Code     0  libshutdown2.o(.ARM.Collect$$libshutdown$$00000004)
    __rt_lib_shutdown_user_alloc_1           0x080002b3   Thumb Code     0  libshutdown2.o(.ARM.Collect$$libshutdown$$0000000C)
    __rt_entry                               0x080002b5   Thumb Code     0  __rtentry.o(.ARM.Collect$$rtentry$$00000000)
    __rt_entry_presh_1                       0x080002b5   Thumb Code     0  __rtentry2.o(.ARM.Collect$$rtentry$$00000002)
    __rt_entry_sh                            0x080002b5   Thumb Code     0  __rtentry4.o(.ARM.Collect$$rtentry$$00000004)
    __rt_entry_li                            0x080002bb   Thumb Code     0  __rtentry2.o(.ARM.Collect$$rtentry$$0000000A)
    __rt_entry_postsh_1                      0x080002bb   Thumb Code     0  __rtentry2.o(.ARM.Collect$$rtentry$$00000009)
    __rt_entry_main                          0x080002bf   Thumb Code     0  __rtentry2.o(.ARM.Collect$$rtentry$$0000000D)
    __rt_entry_postli_1                      0x080002bf   Thumb Code     0  __rtentry2.o(.ARM.Collect$$rtentry$$0000000C)
    __rt_exit                                0x080002c7   Thumb Code     0  rtexit.o(.ARM.Collect$$rtexit$$00000000)
    __rt_exit_ls                             0x080002c9   Thumb Code     0  rtexit2.o(.ARM.Collect$$rtexit$$00000003)
    __rt_exit_prels_1                        0x080002c9   Thumb Code     0  rtexit2.o(.ARM.Collect$$rtexit$$00000002)
    __rt_exit_exit                           0x080002cd   Thumb Code     0  rtexit2.o(.ARM.Collect$$rtexit$$00000004)
    Reset_Handler                            0x080002d5   Thumb Code     8  startup_stm32f407xx.o(.text)
    NMI_Handler                              0x080002dd   Thumb Code     2  startup_stm32f407xx.o(.text)
    HardFault_Handler                        0x080002df   Thumb Code     2  startup_stm32f407xx.o(.text)
    MemManage_Handler                        0x080002e1   Thumb Code     2  startup_stm32f407xx.o(.text)
    BusFault_Handler                         0x080002e3   Thumb Code     2  startup_stm32f407xx.o(.text)
    UsageFault_Handler                       0x080002e5   Thumb Code     2  startup_stm32f407xx.o(.text)
    SVC_Handler                              0x080002e7   Thumb Code     2  startup_stm32f407xx.o(.text)
    DebugMon_Handler                         0x080002e9   Thumb Code     2  startup_stm32f407xx.o(.text)
    PendSV_Handler                           0x080002eb   Thumb Code     2  startup_stm32f407xx.o(.text)
    ADC_IRQHandler                           0x080002ef   Thumb Code     0  startup_stm32f407xx.o(.text)
    CAN1_RX0_IRQHandler                      0x080002ef   Thumb Code     0  startup_stm32f407xx.o(.text)
    CAN1_RX1_IRQHandler                      0x080002ef   Thumb Code     0  startup_stm32f407xx.o(.text)
    CAN1_SCE_IRQHandler                      0x080002ef   Thumb Code     0  startup_stm32f407xx.o(.text)
    CAN1_TX_IRQHandler                       0x080002ef   Thumb Code     0  startup_stm32f407xx.o(.text)
    CAN2_RX0_IRQHandler                      0x080002ef   Thumb Code     0  startup_stm32f407xx.o(.text)
    CAN2_RX1_IRQHandler                      0x080002ef   Thumb Code     0  startup_stm32f407xx.o(.text)
    CAN2_SCE_IRQHandler                      0x080002ef   Thumb Code     0  startup_stm32f407xx.o(.text)
    CAN2_TX_IRQHandler                       0x080002ef   Thumb Code     0  startup_stm32f407xx.o(.text)
    DCMI_IRQHandler                          0x080002ef   Thumb Code     0  startup_stm32f407xx.o(.text)
    DMA1_Stream0_IRQHandler                  0x080002ef   Thumb Code     0  startup_stm32f407xx.o(.text)
    DMA1_Stream1_IRQHandler                  0x080002ef   Thumb Code     0  startup_stm32f407xx.o(.text)
    DMA1_Stream2_IRQHandler                  0x080002ef   Thumb Code     0  startup_stm32f407xx.o(.text)
    DMA1_Stream3_IRQHandler                  0x080002ef   Thumb Code     0  startup_stm32f407xx.o(.text)
    DMA1_Stream4_IRQHandler                  0x080002ef   Thumb Code     0  startup_stm32f407xx.o(.text)
    DMA1_Stream5_IRQHandler                  0x080002ef   Thumb Code     0  startup_stm32f407xx.o(.text)
    DMA1_Stream6_IRQHandler                  0x080002ef   Thumb Code     0  startup_stm32f407xx.o(.text)
    DMA1_Stream7_IRQHandler                  0x080002ef   Thumb Code     0  startup_stm32f407xx.o(.text)
    DMA2_Stream0_IRQHandler                  0x080002ef   Thumb Code     0  startup_stm32f407xx.o(.text)
    DMA2_Stream1_IRQHandler                  0x080002ef   Thumb Code     0  startup_stm32f407xx.o(.text)
    DMA2_Stream2_IRQHandler                  0x080002ef   Thumb Code     0  startup_stm32f407xx.o(.text)
    DMA2_Stream3_IRQHandler                  0x080002ef   Thumb Code     0  startup_stm32f407xx.o(.text)
    DMA2_Stream4_IRQHandler                  0x080002ef   Thumb Code     0  startup_stm32f407xx.o(.text)
    DMA2_Stream5_IRQHandler                  0x080002ef   Thumb Code     0  startup_stm32f407xx.o(.text)
    DMA2_Stream6_IRQHandler                  0x080002ef   Thumb Code     0  startup_stm32f407xx.o(.text)
    DMA2_Stream7_IRQHandler                  0x080002ef   Thumb Code     0  startup_stm32f407xx.o(.text)
    ETH_IRQHandler                           0x080002ef   Thumb Code     0  startup_stm32f407xx.o(.text)
    ETH_WKUP_IRQHandler                      0x080002ef   Thumb Code     0  startup_stm32f407xx.o(.text)
    EXTI0_IRQHandler                         0x080002ef   Thumb Code     0  startup_stm32f407xx.o(.text)
    EXTI1_IRQHandler                         0x080002ef   Thumb Code     0  startup_stm32f407xx.o(.text)
    EXTI3_IRQHandler                         0x080002ef   Thumb Code     0  startup_stm32f407xx.o(.text)
    FLASH_IRQHandler                         0x080002ef   Thumb Code     0  startup_stm32f407xx.o(.text)
    FMC_IRQHandler                           0x080002ef   Thumb Code     0  startup_stm32f407xx.o(.text)
    FPU_IRQHandler                           0x080002ef   Thumb Code     0  startup_stm32f407xx.o(.text)
    HASH_RNG_IRQHandler                      0x080002ef   Thumb Code     0  startup_stm32f407xx.o(.text)
    I2C1_ER_IRQHandler                       0x080002ef   Thumb Code     0  startup_stm32f407xx.o(.text)
    I2C1_EV_IRQHandler                       0x080002ef   Thumb Code     0  startup_stm32f407xx.o(.text)
    I2C2_ER_IRQHandler                       0x080002ef   Thumb Code     0  startup_stm32f407xx.o(.text)
    I2C2_EV_IRQHandler                       0x080002ef   Thumb Code     0  startup_stm32f407xx.o(.text)
    I2C3_ER_IRQHandler                       0x080002ef   Thumb Code     0  startup_stm32f407xx.o(.text)
    I2C3_EV_IRQHandler                       0x080002ef   Thumb Code     0  startup_stm32f407xx.o(.text)
    OTG_FS_IRQHandler                        0x080002ef   Thumb Code     0  startup_stm32f407xx.o(.text)
    OTG_FS_WKUP_IRQHandler                   0x080002ef   Thumb Code     0  startup_stm32f407xx.o(.text)
    OTG_HS_EP1_IN_IRQHandler                 0x080002ef   Thumb Code     0  startup_stm32f407xx.o(.text)
    OTG_HS_EP1_OUT_IRQHandler                0x080002ef   Thumb Code     0  startup_stm32f407xx.o(.text)
    OTG_HS_IRQHandler                        0x080002ef   Thumb Code     0  startup_stm32f407xx.o(.text)
    OTG_HS_WKUP_IRQHandler                   0x080002ef   Thumb Code     0  startup_stm32f407xx.o(.text)
    PVD_IRQHandler                           0x080002ef   Thumb Code     0  startup_stm32f407xx.o(.text)
    RCC_IRQHandler                           0x080002ef   Thumb Code     0  startup_stm32f407xx.o(.text)
    RTC_Alarm_IRQHandler                     0x080002ef   Thumb Code     0  startup_stm32f407xx.o(.text)
    RTC_WKUP_IRQHandler                      0x080002ef   Thumb Code     0  startup_stm32f407xx.o(.text)
    SDIO_IRQHandler                          0x080002ef   Thumb Code     0  startup_stm32f407xx.o(.text)
    SPI1_IRQHandler                          0x080002ef   Thumb Code     0  startup_stm32f407xx.o(.text)
    SPI2_IRQHandler                          0x080002ef   Thumb Code     0  startup_stm32f407xx.o(.text)
    SPI3_IRQHandler                          0x080002ef   Thumb Code     0  startup_stm32f407xx.o(.text)
    TAMP_STAMP_IRQHandler                    0x080002ef   Thumb Code     0  startup_stm32f407xx.o(.text)
    TIM1_BRK_TIM9_IRQHandler                 0x080002ef   Thumb Code     0  startup_stm32f407xx.o(.text)
    TIM1_CC_IRQHandler                       0x080002ef   Thumb Code     0  startup_stm32f407xx.o(.text)
    TIM1_TRG_COM_TIM11_IRQHandler            0x080002ef   Thumb Code     0  startup_stm32f407xx.o(.text)
    TIM1_UP_TIM10_IRQHandler                 0x080002ef   Thumb Code     0  startup_stm32f407xx.o(.text)
    TIM2_IRQHandler                          0x080002ef   Thumb Code     0  startup_stm32f407xx.o(.text)
    TIM4_IRQHandler                          0x080002ef   Thumb Code     0  startup_stm32f407xx.o(.text)
    TIM5_IRQHandler                          0x080002ef   Thumb Code     0  startup_stm32f407xx.o(.text)
    TIM6_DAC_IRQHandler                      0x080002ef   Thumb Code     0  startup_stm32f407xx.o(.text)
    TIM7_IRQHandler                          0x080002ef   Thumb Code     0  startup_stm32f407xx.o(.text)
    TIM8_BRK_TIM12_IRQHandler                0x080002ef   Thumb Code     0  startup_stm32f407xx.o(.text)
    TIM8_CC_IRQHandler                       0x080002ef   Thumb Code     0  startup_stm32f407xx.o(.text)
    TIM8_TRG_COM_TIM14_IRQHandler            0x080002ef   Thumb Code     0  startup_stm32f407xx.o(.text)
    TIM8_UP_TIM13_IRQHandler                 0x080002ef   Thumb Code     0  startup_stm32f407xx.o(.text)
    UART4_IRQHandler                         0x080002ef   Thumb Code     0  startup_stm32f407xx.o(.text)
    UART5_IRQHandler                         0x080002ef   Thumb Code     0  startup_stm32f407xx.o(.text)
    USART1_IRQHandler                        0x080002ef   Thumb Code     0  startup_stm32f407xx.o(.text)
    USART2_IRQHandler                        0x080002ef   Thumb Code     0  startup_stm32f407xx.o(.text)
    USART3_IRQHandler                        0x080002ef   Thumb Code     0  startup_stm32f407xx.o(.text)
    USART6_IRQHandler                        0x080002ef   Thumb Code     0  startup_stm32f407xx.o(.text)
    WWDG_IRQHandler                          0x080002ef   Thumb Code     0  startup_stm32f407xx.o(.text)
    __user_initial_stackheap                 0x080002f1   Thumb Code     0  startup_stm32f407xx.o(.text)
    sprintf                                  0x08000315   Thumb Code    38  sprintf.o(.text)
    atoi                                     0x08000341   Thumb Code    26  atoi.o(.text)
    strlen                                   0x0800035b   Thumb Code    62  strlen.o(.text)
    strcat                                   0x08000399   Thumb Code    24  strcat.o(.text)
    __use_two_region_memory                  0x080003b1   Thumb Code     2  heapauxi.o(.text)
    __rt_heap_escrow$2region                 0x080003b3   Thumb Code     2  heapauxi.o(.text)
    __rt_heap_expand$2region                 0x080003b5   Thumb Code     2  heapauxi.o(.text)
    __aeabi_errno_addr                       0x080003b9   Thumb Code     8  rt_errno_addr_intlibspace.o(.text)
    __errno$intlibspace                      0x080003b9   Thumb Code     0  rt_errno_addr_intlibspace.o(.text)
    __rt_errno_addr$intlibspace              0x080003b9   Thumb Code     0  rt_errno_addr_intlibspace.o(.text)
    __read_errno                             0x080003c1   Thumb Code    10  _rserrno.o(.text)
    __set_errno                              0x080003cb   Thumb Code    12  _rserrno.o(.text)
    _printf_pre_padding                      0x080003d7   Thumb Code    44  _printf_pad.o(.text)
    _printf_post_padding                     0x08000403   Thumb Code    34  _printf_pad.o(.text)
    _printf_truncate_signed                  0x08000425   Thumb Code    18  _printf_truncate.o(.text)
    _printf_truncate_unsigned                0x08000437   Thumb Code    18  _printf_truncate.o(.text)
    _printf_str                              0x08000449   Thumb Code    82  _printf_str.o(.text)
    _printf_int_dec                          0x0800049d   Thumb Code   104  _printf_dec.o(.text)
    _printf_charcount                        0x08000515   Thumb Code    40  _printf_charcount.o(.text)
    _printf_char_common                      0x08000547   Thumb Code    32  _printf_char_common.o(.text)
    _sputc                                   0x0800056d   Thumb Code    10  _sputc.o(.text)
    _printf_wctomb                           0x08000579   Thumb Code   182  _printf_wctomb.o(.text)
    _printf_longlong_dec                     0x08000635   Thumb Code   108  _printf_longlong_dec.o(.text)
    _printf_longlong_oct                     0x080006b1   Thumb Code    68  _printf_oct_int_ll.o(.text)
    _printf_int_oct                          0x080006f5   Thumb Code    24  _printf_oct_int_ll.o(.text)
    _printf_ll_oct                           0x0800070d   Thumb Code    12  _printf_oct_int_ll.o(.text)
    _printf_longlong_hex                     0x08000721   Thumb Code    86  _printf_hex_int_ll_ptr.o(.text)
    _printf_int_hex                          0x08000777   Thumb Code    28  _printf_hex_int_ll_ptr.o(.text)
    _printf_ll_hex                           0x08000793   Thumb Code    12  _printf_hex_int_ll_ptr.o(.text)
    _printf_hex_ptr                          0x0800079f   Thumb Code    18  _printf_hex_int_ll_ptr.o(.text)
    __printf                                 0x080007b5   Thumb Code   388  __printf_flags_ss_wp.o(.text)
    strtol                                   0x0800093d   Thumb Code   112  strtol.o(.text)
    __user_libspace                          0x080009ad   Thumb Code     8  libspace.o(.text)
    __user_perproc_libspace                  0x080009ad   Thumb Code     0  libspace.o(.text)
    __user_perthread_libspace                0x080009ad   Thumb Code     0  libspace.o(.text)
    __rt_ctype_table                         0x080009b5   Thumb Code    16  rt_ctype_table.o(.text)
    _ll_udiv10                               0x080009c5   Thumb Code   138  lludiv10.o(.text)
    _printf_int_common                       0x08000a4f   Thumb Code   178  _printf_intcommon.o(.text)
    _printf_fp_dec_real                      0x08000cb1   Thumb Code   620  _printf_fp_dec.o(.text)
    _printf_fp_hex_real                      0x08000f1d   Thumb Code   756  _printf_fp_hex.o(.text)
    _printf_cs_common                        0x08001219   Thumb Code    20  _printf_char.o(.text)
    _printf_char                             0x0800122d   Thumb Code    16  _printf_char.o(.text)
    _printf_string                           0x0800123d   Thumb Code     8  _printf_char.o(.text)
    _printf_lcs_common                       0x08001245   Thumb Code    20  _printf_wchar.o(.text)
    _printf_wchar                            0x08001259   Thumb Code    16  _printf_wchar.o(.text)
    _printf_wstring                          0x08001269   Thumb Code     8  _printf_wchar.o(.text)
    _strtoul                                 0x08001271   Thumb Code   158  _strtoul.o(.text)
    _c16rtomb                                0x0800130f   Thumb Code    72  _c16rtomb.o(.text)
    _wcrtomb                                 0x0800130f   Thumb Code     0  _c16rtomb.o(.text)
    __user_setup_stackheap                   0x08001357   Thumb Code    74  sys_stackheap_outer.o(.text)
    __rt_locale                              0x080013a1   Thumb Code     8  rt_locale_intlibspace.o(.text)
    _printf_fp_infnan                        0x080013a9   Thumb Code   112  _printf_fp_infnan.o(.text)
    _chval                                   0x08001429   Thumb Code    28  _chval.o(.text)
    _btod_etento                             0x08001445   Thumb Code   224  bigflt0.o(.text)
    exit                                     0x08001529   Thumb Code    18  exit.o(.text)
    strcmp                                   0x08001541   Thumb Code   124  strcmpv7em.o(.text)
    _sys_exit                                0x080015bd   Thumb Code     8  sys_exit.o(.text)
    __I$use$semihosting                      0x080015c9   Thumb Code     0  use_no_semi.o(.text)
    __use_no_semihosting_swi                 0x080015c9   Thumb Code     2  use_no_semi.o(.text)
    __semihosting_library_function           0x080015cb   Thumb Code     0  indicate_semi.o(.text)
    EXTI15_10_IRQHandler                     0x080015cd   Thumb Code   382  main.o(.text.EXTI15_10_IRQHandler)
    EXTI2_IRQHandler                         0x0800174d   Thumb Code    88  main.o(.text.EXTI2_IRQHandler)
    EXTI4_IRQHandler                         0x080017a5   Thumb Code    84  main.o(.text.EXTI4_IRQHandler)
    EXTI9_5_IRQHandler                       0x080017f9   Thumb Code   196  main.o(.text.EXTI9_5_IRQHandler)
    Infared_init                             0x080018bd   Thumb Code   216  infared.o(.text.Infared_init)
    LCD_clear                                0x08001995   Thumb Code    16  lcd.o(.text.LCD_clear)
    LCD_init                                 0x080019a5   Thumb Code   106  lcd.o(.text.LCD_init)
    LCD_port_init                            0x08001a11   Thumb Code    62  lcd.o(.text.LCD_port_init)
    LCD_print_character                      0x08001a51   Thumb Code    50  lcd.o(.text.LCD_print_character)
    LCD_print_float                          0x08001a85   Thumb Code    48  lcd.o(.text.LCD_print_float)
    LCD_print_int                            0x08001ab5   Thumb Code    34  lcd.o(.text.LCD_print_int)
    LCD_print_string                         0x08001ad9   Thumb Code    54  lcd.o(.text.LCD_print_string)
    LCD_sendData                             0x08001b11   Thumb Code    72  lcd.o(.text.LCD_sendData)
    LCD_sendInstr                            0x08001b59   Thumb Code    72  lcd.o(.text.LCD_sendInstr)
    Motor_Time_Init                          0x08001ba1   Thumb Code    86  final_functions.o(.text.Motor_Time_Init)
    RMS_div8                                 0x08001bf9   Thumb Code   144  spi.o(.text.RMS_div8)
    SPI_init                                 0x08001c89   Thumb Code   414  spi.o(.text.SPI_init)
    SysTick_Handler                          0x08001e29   Thumb Code   124  main.o(.text.SysTick_Handler)
    SystemInit                               0x08001ea5   Thumb Code   110  system_stm32f4xx.o(.text.SystemInit)
    TIM3_IRQHandler                          0x08001f19   Thumb Code   264  main.o(.text.TIM3_IRQHandler)
    TIM3_init                                0x08002021   Thumb Code   104  spi.o(.text.TIM3_init)
    buttons_init                             0x080023c5   Thumb Code   150  buttons.o(.text.buttons_init)
    check_BF                                 0x0800245d   Thumb Code   132  lcd.o(.text.check_BF)
    clear_PIN                                0x080024e1   Thumb Code    30  lcd.o(.text.clear_PIN)
    convert_input                            0x08002501   Thumb Code    64  keypad.o(.text.convert_input)
    driveMotor                               0x08002541   Thumb Code   566  final_functions.o(.text.driveMotor)
    idle_timer_init                          0x08002779   Thumb Code    98  keypad.o(.text.idle_timer_init)
    keypad_init                              0x080027dd   Thumb Code   120  keypad.o(.text.keypad_init)
    main                                     0x08002855   Thumb Code   424  main.o(.text.main)
    myDelay                                  0x080029fd   Thumb Code    38  final_functions.o(.text.myDelay)
    place_lcd_cursor                         0x08002a25   Thumb Code    50  lcd.o(.text.place_lcd_cursor)
    print_seconds                            0x08002a59   Thumb Code    32  lcd.o(.text.print_seconds)
    read_input                               0x08002a79   Thumb Code   212  keypad.o(.text.read_input)
    read_water_level                         0x08002b4d   Thumb Code   104  final_functions.o(.text.read_water_level)
    set_PIN                                  0x08002bb5   Thumb Code    30  lcd.o(.text.set_PIN)
    set_columns_input                        0x08002bd5   Thumb Code    42  keypad.o(.text.set_columns_input)
    set_columns_output                       0x08002c01   Thumb Code    38  keypad.o(.text.set_columns_output)
    set_rows_input                           0x08002c29   Thumb Code    42  keypad.o(.text.set_rows_input)
    set_rows_output                          0x08002c55   Thumb Code    38  keypad.o(.text.set_rows_output)
    shift                                    0x08002c7d   Thumb Code    48  spi.o(.text.shift)
    spi_send                                 0x08002cad   Thumb Code    56  spi.o(.text.spi_send)
    stepper_motor_init                       0x08002ce5   Thumb Code    64  final_functions.o(.text.stepper_motor_init)
    water_control                            0x08002d25   Thumb Code    46  final_functions.o(.text.water_control)
    water_level_init                         0x08002d55   Thumb Code   152  final_functions.o(.text.water_level_init)
    water_valve_init                         0x08002ded   Thumb Code    32  final_functions.o(.text.water_valve_init)
    _btod_d2e                                0x08002e0d   Thumb Code    62  btod.o(CL$$btod_d2e)
    _d2e_denorm_low                          0x08002e4b   Thumb Code    70  btod.o(CL$$btod_d2e_denorm_low)
    _d2e_norm_op1                            0x08002e91   Thumb Code    96  btod.o(CL$$btod_d2e_norm_op1)
    __btod_div_common                        0x08002ef1   Thumb Code   696  btod.o(CL$$btod_div_common)
    _e2e                                     0x08003229   Thumb Code   220  btod.o(CL$$btod_e2e)
    _btod_ediv                               0x08003305   Thumb Code    42  btod.o(CL$$btod_ediv)
    _btod_emul                               0x0800332f   Thumb Code    42  btod.o(CL$$btod_emul)
    __btod_mult_common                       0x08003359   Thumb Code   580  btod.o(CL$$btod_mult_common)
    __ARM_fpclassify                         0x0800359d   Thumb Code    48  fpclassify.o(i.__ARM_fpclassify)
    __hardfp_sqrt                            0x080035cd   Thumb Code   122  sqrt.o(i.__hardfp_sqrt)
    _is_digit                                0x08003647   Thumb Code    14  __printf_wp.o(i._is_digit)
    _get_lc_ctype                            0x08003655   Thumb Code    44  lc_ctype_c.o(locale$$code)
    _get_lc_numeric                          0x08003681   Thumb Code    44  lc_numeric_c.o(locale$$code)
    __aeabi_d2f                              0x080036ad   Thumb Code     0  d2f.o(x$fpl$d2f)
    _d2f                                     0x080036ad   Thumb Code    98  d2f.o(x$fpl$d2f)
    __aeabi_dadd                             0x08003711   Thumb Code     0  daddsub_clz.o(x$fpl$dadd)
    _dadd                                    0x08003711   Thumb Code   332  daddsub_clz.o(x$fpl$dadd)
    __fpl_dcmp_Inf                           0x08003861   Thumb Code    24  dcmpi.o(x$fpl$dcmpinf)
    __aeabi_ddiv                             0x08003879   Thumb Code     0  ddiv.o(x$fpl$ddiv)
    _ddiv                                    0x08003879   Thumb Code   556  ddiv.o(x$fpl$ddiv)
    __aeabi_cdcmpeq                          0x08003b2d   Thumb Code     0  deqf.o(x$fpl$deqf)
    _dcmpeq                                  0x08003b2d   Thumb Code   120  deqf.o(x$fpl$deqf)
    __aeabi_i2d                              0x08003ba5   Thumb Code     0  dflt_clz.o(x$fpl$dflt)
    _dflt                                    0x08003ba5   Thumb Code    46  dflt_clz.o(x$fpl$dflt)
    __aeabi_cdcmpge                          0x08003bd5   Thumb Code     0  dgeqf.o(x$fpl$dgeqf)
    _dcmpge                                  0x08003bd5   Thumb Code   120  dgeqf.o(x$fpl$dgeqf)
    __aeabi_cdcmple                          0x08003c4d   Thumb Code     0  dleqf.o(x$fpl$dleqf)
    _dcmple                                  0x08003c4d   Thumb Code   120  dleqf.o(x$fpl$dleqf)
    __fpl_dcmple_InfNaN                      0x08003caf   Thumb Code     0  dleqf.o(x$fpl$dleqf)
    __fpl_dnaninf                            0x08003cc5   Thumb Code   156  dnaninf.o(x$fpl$dnaninf)
    __fpl_dretinf                            0x08003d61   Thumb Code    12  dretinf.o(x$fpl$dretinf)
    _dsqrt                                   0x08003d6d   Thumb Code   404  dsqrt_umaal.o(x$fpl$dsqrt)
    __aeabi_dsub                             0x08003f05   Thumb Code     0  daddsub_clz.o(x$fpl$dsub)
    _dsub                                    0x08003f05   Thumb Code   472  daddsub_clz.o(x$fpl$dsub)
    __aeabi_f2d                              0x080040e1   Thumb Code     0  f2d.o(x$fpl$f2d)
    _f2d                                     0x080040e1   Thumb Code    86  f2d.o(x$fpl$f2d)
    __aeabi_dcmpeq                           0x08004137   Thumb Code     0  dcmp.o(x$fpl$fcmp)
    _deq                                     0x08004137   Thumb Code    14  dcmp.o(x$fpl$fcmp)
    _dneq                                    0x08004145   Thumb Code    14  dcmp.o(x$fpl$fcmp)
    __aeabi_dcmpgt                           0x08004153   Thumb Code     0  dcmp.o(x$fpl$fcmp)
    _dgr                                     0x08004153   Thumb Code    14  dcmp.o(x$fpl$fcmp)
    __aeabi_dcmpge                           0x08004161   Thumb Code     0  dcmp.o(x$fpl$fcmp)
    _dgeq                                    0x08004161   Thumb Code    14  dcmp.o(x$fpl$fcmp)
    __aeabi_dcmple                           0x0800416f   Thumb Code     0  dcmp.o(x$fpl$fcmp)
    _dleq                                    0x0800416f   Thumb Code    14  dcmp.o(x$fpl$fcmp)
    __aeabi_dcmplt                           0x0800417d   Thumb Code     0  dcmp.o(x$fpl$fcmp)
    _dls                                     0x0800417d   Thumb Code    14  dcmp.o(x$fpl$fcmp)
    __fpl_fnaninf                            0x0800418b   Thumb Code   140  fnaninf.o(x$fpl$fnaninf)
    _fp_init                                 0x08004217   Thumb Code    26  fpinit.o(x$fpl$fpinit)
    __fplib_config_fpu_vfp                   0x0800422f   Thumb Code     0  fpinit.o(x$fpl$fpinit)
    __fplib_config_pureend_doubles           0x0800422f   Thumb Code     0  fpinit.o(x$fpl$fpinit)
    __fpl_fretinf                            0x08004231   Thumb Code    10  fretinf.o(x$fpl$fretinf)
    _printf_fp_dec                           0x0800423b   Thumb Code     4  printf1.o(x$fpl$printf1)
    _printf_fp_hex                           0x0800423f   Thumb Code     4  printf2.o(x$fpl$printf2)
    __I$use$fp                               0x08004242   Number         0  usenofp.o(x$fpl$usenofp)
    Region$$Table$$Base                      0x08004378   Number         0  anon$$obj.o(Region$$Table)
    Region$$Table$$Limit                     0x08004398   Number         0  anon$$obj.o(Region$$Table)
    __ctype                                  0x080043a5   Data           0  lc_ctype_c.o(locale$$data)
    __libspace_start                         0x20000010   Data          96  libspace.o(.bss)
    __temporary_stack_top$libspace           0x20000070   Data           0  libspace.o(.bss)
    current                                  0x20000079   Data           1  main.o(.bss.current)
    data_x                                   0x2000007a   Data           8  main.o(.bss.data_x)



==============================================================================

Memory Map of the image

  Image Entry point : 0x08000189

  Load Region LR_IROM1 (Base: 0x08000000, Size: 0x000044d8, Max: 0x00100000, ABSOLUTE)

    Execution Region ER_IROM1 (Exec base: 0x08000000, Load base: 0x08000000, Size: 0x000044c4, Max: 0x00100000, ABSOLUTE)

    Exec Addr    Load Addr    Size         Type   Attr      Idx    E Section Name        Object

    0x08000000   0x08000000   0x00000188   Data   RO          192    RESET               startup_stm32f407xx.o
    0x08000188   0x08000188   0x00000008   Code   RO          225  * !!!main             c_w.l(__main.o)
    0x08000190   0x08000190   0x00000034   Code   RO          621    !!!scatter          c_w.l(__scatter.o)
    0x080001c4   0x080001c4   0x0000001a   Code   RO          623    !!handler_copy      c_w.l(__scatter_copy.o)
    0x080001de   0x080001de   0x00000002   PAD
    0x080001e0   0x080001e0   0x0000001c   Code   RO          625    !!handler_zi        c_w.l(__scatter_zi.o)
    0x080001fc   0x080001fc   0x00000000   Code   RO          344    .ARM.Collect$$_printf_percent$$00000000  c_w.l(_printf_percent.o)
    0x080001fc   0x080001fc   0x00000006   Code   RO          333    .ARM.Collect$$_printf_percent$$00000001  c_w.l(_printf_n.o)
    0x08000202   0x08000202   0x00000006   Code   RO          335    .ARM.Collect$$_printf_percent$$00000002  c_w.l(_printf_p.o)
    0x08000208   0x08000208   0x00000006   Code   RO          340    .ARM.Collect$$_printf_percent$$00000003  c_w.l(_printf_f.o)
    0x0800020e   0x0800020e   0x00000006   Code   RO          341    .ARM.Collect$$_printf_percent$$00000004  c_w.l(_printf_e.o)
    0x08000214   0x08000214   0x00000006   Code   RO          342    .ARM.Collect$$_printf_percent$$00000005  c_w.l(_printf_g.o)
    0x0800021a   0x0800021a   0x00000006   Code   RO          343    .ARM.Collect$$_printf_percent$$00000006  c_w.l(_printf_a.o)
    0x08000220   0x08000220   0x0000000a   Code   RO          348    .ARM.Collect$$_printf_percent$$00000007  c_w.l(_printf_ll.o)
    0x0800022a   0x0800022a   0x00000006   Code   RO          337    .ARM.Collect$$_printf_percent$$00000008  c_w.l(_printf_i.o)
    0x08000230   0x08000230   0x00000006   Code   RO          338    .ARM.Collect$$_printf_percent$$00000009  c_w.l(_printf_d.o)
    0x08000236   0x08000236   0x00000006   Code   RO          339    .ARM.Collect$$_printf_percent$$0000000A  c_w.l(_printf_u.o)
    0x0800023c   0x0800023c   0x00000006   Code   RO          336    .ARM.Collect$$_printf_percent$$0000000B  c_w.l(_printf_o.o)
    0x08000242   0x08000242   0x00000006   Code   RO          334    .ARM.Collect$$_printf_percent$$0000000C  c_w.l(_printf_x.o)
    0x08000248   0x08000248   0x00000006   Code   RO          345    .ARM.Collect$$_printf_percent$$0000000D  c_w.l(_printf_lli.o)
    0x0800024e   0x0800024e   0x00000006   Code   RO          346    .ARM.Collect$$_printf_percent$$0000000E  c_w.l(_printf_lld.o)
    0x08000254   0x08000254   0x00000006   Code   RO          347    .ARM.Collect$$_printf_percent$$0000000F  c_w.l(_printf_llu.o)
    0x0800025a   0x0800025a   0x00000006   Code   RO          352    .ARM.Collect$$_printf_percent$$00000010  c_w.l(_printf_llo.o)
    0x08000260   0x08000260   0x00000006   Code   RO          353    .ARM.Collect$$_printf_percent$$00000011  c_w.l(_printf_llx.o)
    0x08000266   0x08000266   0x0000000a   Code   RO          349    .ARM.Collect$$_printf_percent$$00000012  c_w.l(_printf_l.o)
    0x08000270   0x08000270   0x00000006   Code   RO          331    .ARM.Collect$$_printf_percent$$00000013  c_w.l(_printf_c.o)
    0x08000276   0x08000276   0x00000006   Code   RO          332    .ARM.Collect$$_printf_percent$$00000014  c_w.l(_printf_s.o)
    0x0800027c   0x0800027c   0x00000006   Code   RO          350    .ARM.Collect$$_printf_percent$$00000015  c_w.l(_printf_lc.o)
    0x08000282   0x08000282   0x00000006   Code   RO          351    .ARM.Collect$$_printf_percent$$00000016  c_w.l(_printf_ls.o)
    0x08000288   0x08000288   0x00000004   Code   RO          418    .ARM.Collect$$_printf_percent$$00000017  c_w.l(_printf_percent_end.o)
    0x0800028c   0x0800028c   0x00000002   Code   RO          476    .ARM.Collect$$libinit$$00000000  c_w.l(libinit.o)
    0x0800028e   0x0800028e   0x00000004   Code   RO          487    .ARM.Collect$$libinit$$00000001  c_w.l(libinit2.o)
    0x08000292   0x08000292   0x00000000   Code   RO          490    .ARM.Collect$$libinit$$00000004  c_w.l(libinit2.o)
    0x08000292   0x08000292   0x00000000   Code   RO          492    .ARM.Collect$$libinit$$00000006  c_w.l(libinit2.o)
    0x08000292   0x08000292   0x00000000   Code   RO          495    .ARM.Collect$$libinit$$0000000C  c_w.l(libinit2.o)
    0x08000292   0x08000292   0x00000000   Code   RO          497    .ARM.Collect$$libinit$$0000000E  c_w.l(libinit2.o)
    0x08000292   0x08000292   0x00000000   Code   RO          499    .ARM.Collect$$libinit$$00000010  c_w.l(libinit2.o)
    0x08000292   0x08000292   0x00000006   Code   RO          500    .ARM.Collect$$libinit$$00000011  c_w.l(libinit2.o)
    0x08000298   0x08000298   0x00000000   Code   RO          502    .ARM.Collect$$libinit$$00000013  c_w.l(libinit2.o)
    0x08000298   0x08000298   0x0000000c   Code   RO          503    .ARM.Collect$$libinit$$00000014  c_w.l(libinit2.o)
    0x080002a4   0x080002a4   0x00000000   Code   RO          504    .ARM.Collect$$libinit$$00000015  c_w.l(libinit2.o)
    0x080002a4   0x080002a4   0x00000000   Code   RO          506    .ARM.Collect$$libinit$$00000017  c_w.l(libinit2.o)
    0x080002a4   0x080002a4   0x0000000a   Code   RO          507    .ARM.Collect$$libinit$$00000018  c_w.l(libinit2.o)
    0x080002ae   0x080002ae   0x00000000   Code   RO          508    .ARM.Collect$$libinit$$00000019  c_w.l(libinit2.o)
    0x080002ae   0x080002ae   0x00000000   Code   RO          510    .ARM.Collect$$libinit$$0000001B  c_w.l(libinit2.o)
    0x080002ae   0x080002ae   0x00000000   Code   RO          512    .ARM.Collect$$libinit$$0000001D  c_w.l(libinit2.o)
    0x080002ae   0x080002ae   0x00000000   Code   RO          514    .ARM.Collect$$libinit$$0000001F  c_w.l(libinit2.o)
    0x080002ae   0x080002ae   0x00000000   Code   RO          516    .ARM.Collect$$libinit$$00000021  c_w.l(libinit2.o)
    0x080002ae   0x080002ae   0x00000000   Code   RO          518    .ARM.Collect$$libinit$$00000023  c_w.l(libinit2.o)
    0x080002ae   0x080002ae   0x00000000   Code   RO          520    .ARM.Collect$$libinit$$00000025  c_w.l(libinit2.o)
    0x080002ae   0x080002ae   0x00000000   Code   RO          522    .ARM.Collect$$libinit$$00000027  c_w.l(libinit2.o)
    0x080002ae   0x080002ae   0x00000000   Code   RO          526    .ARM.Collect$$libinit$$0000002E  c_w.l(libinit2.o)
    0x080002ae   0x080002ae   0x00000000   Code   RO          528    .ARM.Collect$$libinit$$00000030  c_w.l(libinit2.o)
    0x080002ae   0x080002ae   0x00000000   Code   RO          530    .ARM.Collect$$libinit$$00000032  c_w.l(libinit2.o)
    0x080002ae   0x080002ae   0x00000000   Code   RO          532    .ARM.Collect$$libinit$$00000034  c_w.l(libinit2.o)
    0x080002ae   0x080002ae   0x00000002   Code   RO          533    .ARM.Collect$$libinit$$00000035  c_w.l(libinit2.o)
    0x080002b0   0x080002b0   0x00000002   Code   RO          557    .ARM.Collect$$libshutdown$$00000000  c_w.l(libshutdown.o)
    0x080002b2   0x080002b2   0x00000000   Code   RO          572    .ARM.Collect$$libshutdown$$00000002  c_w.l(libshutdown2.o)
    0x080002b2   0x080002b2   0x00000000   Code   RO          574    .ARM.Collect$$libshutdown$$00000004  c_w.l(libshutdown2.o)
    0x080002b2   0x080002b2   0x00000000   Code   RO          577    .ARM.Collect$$libshutdown$$00000007  c_w.l(libshutdown2.o)
    0x080002b2   0x080002b2   0x00000000   Code   RO          580    .ARM.Collect$$libshutdown$$0000000A  c_w.l(libshutdown2.o)
    0x080002b2   0x080002b2   0x00000000   Code   RO          582    .ARM.Collect$$libshutdown$$0000000C  c_w.l(libshutdown2.o)
    0x080002b2   0x080002b2   0x00000000   Code   RO          585    .ARM.Collect$$libshutdown$$0000000F  c_w.l(libshutdown2.o)
    0x080002b2   0x080002b2   0x00000002   Code   RO          586    .ARM.Collect$$libshutdown$$00000010  c_w.l(libshutdown2.o)
    0x080002b4   0x080002b4   0x00000000   Code   RO          255    .ARM.Collect$$rtentry$$00000000  c_w.l(__rtentry.o)
    0x080002b4   0x080002b4   0x00000000   Code   RO          385    .ARM.Collect$$rtentry$$00000002  c_w.l(__rtentry2.o)
    0x080002b4   0x080002b4   0x00000006   Code   RO          397    .ARM.Collect$$rtentry$$00000004  c_w.l(__rtentry4.o)
    0x080002ba   0x080002ba   0x00000000   Code   RO          387    .ARM.Collect$$rtentry$$00000009  c_w.l(__rtentry2.o)
    0x080002ba   0x080002ba   0x00000004   Code   RO          388    .ARM.Collect$$rtentry$$0000000A  c_w.l(__rtentry2.o)
    0x080002be   0x080002be   0x00000000   Code   RO          390    .ARM.Collect$$rtentry$$0000000C  c_w.l(__rtentry2.o)
    0x080002be   0x080002be   0x00000008   Code   RO          391    .ARM.Collect$$rtentry$$0000000D  c_w.l(__rtentry2.o)
    0x080002c6   0x080002c6   0x00000002   Code   RO          481    .ARM.Collect$$rtexit$$00000000  c_w.l(rtexit.o)
    0x080002c8   0x080002c8   0x00000000   Code   RO          535    .ARM.Collect$$rtexit$$00000002  c_w.l(rtexit2.o)
    0x080002c8   0x080002c8   0x00000004   Code   RO          536    .ARM.Collect$$rtexit$$00000003  c_w.l(rtexit2.o)
    0x080002cc   0x080002cc   0x00000006   Code   RO          537    .ARM.Collect$$rtexit$$00000004  c_w.l(rtexit2.o)
    0x080002d2   0x080002d2   0x00000002   PAD
    0x080002d4   0x080002d4   0x00000040   Code   RO          193    .text               startup_stm32f407xx.o
    0x08000314   0x08000314   0x0000002c   Code   RO          215    .text               c_w.l(sprintf.o)
    0x08000340   0x08000340   0x0000001a   Code   RO          217    .text               c_w.l(atoi.o)
    0x0800035a   0x0800035a   0x0000003e   Code   RO          219    .text               c_w.l(strlen.o)
    0x08000398   0x08000398   0x00000018   Code   RO          221    .text               c_w.l(strcat.o)
    0x080003b0   0x080003b0   0x00000006   Code   RO          223    .text               c_w.l(heapauxi.o)
    0x080003b6   0x080003b6   0x00000002   PAD
    0x080003b8   0x080003b8   0x00000008   Code   RO          259    .text               c_w.l(rt_errno_addr_intlibspace.o)
    0x080003c0   0x080003c0   0x00000016   Code   RO          261    .text               c_w.l(_rserrno.o)
    0x080003d6   0x080003d6   0x0000004e   Code   RO          265    .text               c_w.l(_printf_pad.o)
    0x08000424   0x08000424   0x00000024   Code   RO          267    .text               c_w.l(_printf_truncate.o)
    0x08000448   0x08000448   0x00000052   Code   RO          269    .text               c_w.l(_printf_str.o)
    0x0800049a   0x0800049a   0x00000002   PAD
    0x0800049c   0x0800049c   0x00000078   Code   RO          271    .text               c_w.l(_printf_dec.o)
    0x08000514   0x08000514   0x00000028   Code   RO          273    .text               c_w.l(_printf_charcount.o)
    0x0800053c   0x0800053c   0x00000030   Code   RO          275    .text               c_w.l(_printf_char_common.o)
    0x0800056c   0x0800056c   0x0000000a   Code   RO          277    .text               c_w.l(_sputc.o)
    0x08000576   0x08000576   0x00000002   PAD
    0x08000578   0x08000578   0x000000bc   Code   RO          279    .text               c_w.l(_printf_wctomb.o)
    0x08000634   0x08000634   0x0000007c   Code   RO          282    .text               c_w.l(_printf_longlong_dec.o)
    0x080006b0   0x080006b0   0x00000070   Code   RO          288    .text               c_w.l(_printf_oct_int_ll.o)
    0x08000720   0x08000720   0x00000094   Code   RO          308    .text               c_w.l(_printf_hex_int_ll_ptr.o)
    0x080007b4   0x080007b4   0x00000188   Code   RO          328    .text               c_w.l(__printf_flags_ss_wp.o)
    0x0800093c   0x0800093c   0x00000070   Code   RO          354    .text               c_w.l(strtol.o)
    0x080009ac   0x080009ac   0x00000008   Code   RO          381    .text               c_w.l(libspace.o)
    0x080009b4   0x080009b4   0x00000010   Code   RO          399    .text               c_w.l(rt_ctype_table.o)
    0x080009c4   0x080009c4   0x0000008a   Code   RO          401    .text               c_w.l(lludiv10.o)
    0x08000a4e   0x08000a4e   0x000000b2   Code   RO          403    .text               c_w.l(_printf_intcommon.o)
    0x08000b00   0x08000b00   0x0000041c   Code   RO          405    .text               c_w.l(_printf_fp_dec.o)
    0x08000f1c   0x08000f1c   0x000002fc   Code   RO          409    .text               c_w.l(_printf_fp_hex.o)
    0x08001218   0x08001218   0x0000002c   Code   RO          414    .text               c_w.l(_printf_char.o)
    0x08001244   0x08001244   0x0000002c   Code   RO          416    .text               c_w.l(_printf_wchar.o)
    0x08001270   0x08001270   0x0000009e   Code   RO          419    .text               c_w.l(_strtoul.o)
    0x0800130e   0x0800130e   0x00000048   Code   RO          421    .text               c_w.l(_c16rtomb.o)
    0x08001356   0x08001356   0x0000004a   Code   RO          425    .text               c_w.l(sys_stackheap_outer.o)
    0x080013a0   0x080013a0   0x00000008   Code   RO          430    .text               c_w.l(rt_locale_intlibspace.o)
    0x080013a8   0x080013a8   0x00000080   Code   RO          432    .text               c_w.l(_printf_fp_infnan.o)
    0x08001428   0x08001428   0x0000001c   Code   RO          434    .text               c_w.l(_chval.o)
    0x08001444   0x08001444   0x000000e4   Code   RO          436    .text               c_w.l(bigflt0.o)
    0x08001528   0x08001528   0x00000012   Code   RO          469    .text               c_w.l(exit.o)
    0x0800153a   0x0800153a   0x00000006   PAD
    0x08001540   0x08001540   0x0000007c   Code   RO          485    .text               c_w.l(strcmpv7em.o)
    0x080015bc   0x080015bc   0x0000000c   Code   RO          547    .text               c_w.l(sys_exit.o)
    0x080015c8   0x080015c8   0x00000002   Code   RO          562    .text               c_w.l(use_no_semi.o)
    0x080015ca   0x080015ca   0x00000000   Code   RO          564    .text               c_w.l(indicate_semi.o)
    0x080015ca   0x080015ca   0x00000002   PAD
    0x080015cc   0x080015cc   0x0000017e   Code   RO           10    .text.EXTI15_10_IRQHandler  main.o
    0x0800174a   0x0800174a   0x00000002   PAD
    0x0800174c   0x0800174c   0x00000058   Code   RO            4    .text.EXTI2_IRQHandler  main.o
    0x080017a4   0x080017a4   0x00000054   Code   RO            8    .text.EXTI4_IRQHandler  main.o
    0x080017f8   0x080017f8   0x000000c4   Code   RO           12    .text.EXTI9_5_IRQHandler  main.o
    0x080018bc   0x080018bc   0x000000d8   Code   RO          145    .text.Infared_init  infared.o
    0x08001994   0x08001994   0x00000010   Code   RO           60    .text.LCD_clear     lcd.o
    0x080019a4   0x080019a4   0x0000006a   Code   RO           36    .text.LCD_init      lcd.o
    0x08001a0e   0x08001a0e   0x00000002   PAD
    0x08001a10   0x08001a10   0x0000003e   Code   RO           34    .text.LCD_port_init  lcd.o
    0x08001a4e   0x08001a4e   0x00000002   PAD
    0x08001a50   0x08001a50   0x00000032   Code   RO           58    .text.LCD_print_character  lcd.o
    0x08001a82   0x08001a82   0x00000002   PAD
    0x08001a84   0x08001a84   0x00000030   Code   RO           50    .text.LCD_print_float  lcd.o
    0x08001ab4   0x08001ab4   0x00000022   Code   RO           54    .text.LCD_print_int  lcd.o
    0x08001ad6   0x08001ad6   0x00000002   PAD
    0x08001ad8   0x08001ad8   0x00000036   Code   RO           52    .text.LCD_print_string  lcd.o
    0x08001b0e   0x08001b0e   0x00000002   PAD
    0x08001b10   0x08001b10   0x00000048   Code   RO           44    .text.LCD_sendData  lcd.o
    0x08001b58   0x08001b58   0x00000048   Code   RO           40    .text.LCD_sendInstr  lcd.o
    0x08001ba0   0x08001ba0   0x00000056   Code   RO          106    .text.Motor_Time_Init  final_functions.o
    0x08001bf6   0x08001bf6   0x00000002   PAD
    0x08001bf8   0x08001bf8   0x00000090   Code   RO          182    .text.RMS_div8      spi.o
    0x08001c88   0x08001c88   0x0000019e   Code   RO          160    .text.SPI_init      spi.o
    0x08001e26   0x08001e26   0x00000002   PAD
    0x08001e28   0x08001e28   0x0000007c   Code   RO           14    .text.SysTick_Handler  main.o
    0x08001ea4   0x08001ea4   0x0000006e   Code   RO          200    .text.SystemInit    system_stm32f4xx.o
    0x08001f12   0x08001f12   0x00000006   PAD
    0x08001f18   0x08001f18   0x00000108   Code   RO           16    .text.TIM3_IRQHandler  main.o
    0x08002020   0x08002020   0x00000068   Code   RO          170    .text.TIM3_init     spi.o
    0x08002088   0x08002088   0x00000030   Code   RO            6    .text.__NVIC_ClearPendingIRQ  main.o
    0x080020b8   0x080020b8   0x00000030   Code   RO           81    .text.__NVIC_ClearPendingIRQ  keypad.o
    0x080020e8   0x080020e8   0x00000030   Code   RO          134    .text.__NVIC_ClearPendingIRQ  buttons.o
    0x08002118   0x08002118   0x00000030   Code   RO          149    .text.__NVIC_ClearPendingIRQ  infared.o
    0x08002148   0x08002148   0x00000030   Code   RO          164    .text.__NVIC_ClearPendingIRQ  spi.o
    0x08002178   0x08002178   0x00000038   Code   RO           18    .text.__NVIC_DisableIRQ  main.o
    0x080021b0   0x080021b0   0x00000030   Code   RO           83    .text.__NVIC_EnableIRQ  keypad.o
    0x080021e0   0x080021e0   0x00000030   Code   RO          136    .text.__NVIC_EnableIRQ  buttons.o
    0x08002210   0x08002210   0x00000030   Code   RO          151    .text.__NVIC_EnableIRQ  infared.o
    0x08002240   0x08002240   0x00000030   Code   RO          168    .text.__NVIC_EnableIRQ  spi.o
    0x08002270   0x08002270   0x00000042   Code   RO           79    .text.__NVIC_SetPriority  keypad.o
    0x080022b2   0x080022b2   0x00000002   PAD
    0x080022b4   0x080022b4   0x00000042   Code   RO          114    .text.__NVIC_SetPriority  final_functions.o
    0x080022f6   0x080022f6   0x00000002   PAD
    0x080022f8   0x080022f8   0x00000042   Code   RO          132    .text.__NVIC_SetPriority  buttons.o
    0x0800233a   0x0800233a   0x00000002   PAD
    0x0800233c   0x0800233c   0x00000042   Code   RO          147    .text.__NVIC_SetPriority  infared.o
    0x0800237e   0x0800237e   0x00000002   PAD
    0x08002380   0x08002380   0x00000042   Code   RO          166    .text.__NVIC_SetPriority  spi.o
    0x080023c2   0x080023c2   0x00000002   PAD
    0x080023c4   0x080023c4   0x00000096   Code   RO          130    .text.buttons_init  buttons.o
    0x0800245a   0x0800245a   0x00000002   PAD
    0x0800245c   0x0800245c   0x00000084   Code   RO           46    .text.check_BF      lcd.o
    0x080024e0   0x080024e0   0x0000001e   Code   RO           38    .text.clear_PIN     lcd.o
    0x080024fe   0x080024fe   0x00000002   PAD
    0x08002500   0x08002500   0x00000040   Code   RO           91    .text.convert_input  keypad.o
    0x08002540   0x08002540   0x00000236   Code   RO          108    .text.driveMotor    final_functions.o
    0x08002776   0x08002776   0x00000002   PAD
    0x08002778   0x08002778   0x00000062   Code   RO           93    .text.idle_timer_init  keypad.o
    0x080027da   0x080027da   0x00000002   PAD
    0x080027dc   0x080027dc   0x00000078   Code   RO           73    .text.keypad_init   keypad.o
    0x08002854   0x08002854   0x000001a8   Code   RO            2    .text.main          main.o
    0x080029fc   0x080029fc   0x00000026   Code   RO          116    .text.myDelay       final_functions.o
    0x08002a22   0x08002a22   0x00000002   PAD
    0x08002a24   0x08002a24   0x00000032   Code   RO           42    .text.place_lcd_cursor  lcd.o
    0x08002a56   0x08002a56   0x00000002   PAD
    0x08002a58   0x08002a58   0x00000020   Code   RO           62    .text.print_seconds  lcd.o
    0x08002a78   0x08002a78   0x000000d4   Code   RO           85    .text.read_input    keypad.o
    0x08002b4c   0x08002b4c   0x00000068   Code   RO          112    .text.read_water_level  final_functions.o
    0x08002bb4   0x08002bb4   0x0000001e   Code   RO           48    .text.set_PIN       lcd.o
    0x08002bd2   0x08002bd2   0x00000002   PAD
    0x08002bd4   0x08002bd4   0x0000002a   Code   RO           89    .text.set_columns_input  keypad.o
    0x08002bfe   0x08002bfe   0x00000002   PAD
    0x08002c00   0x08002c00   0x00000026   Code   RO           77    .text.set_columns_output  keypad.o
    0x08002c26   0x08002c26   0x00000002   PAD
    0x08002c28   0x08002c28   0x0000002a   Code   RO           75    .text.set_rows_input  keypad.o
    0x08002c52   0x08002c52   0x00000002   PAD
    0x08002c54   0x08002c54   0x00000026   Code   RO           87    .text.set_rows_output  keypad.o
    0x08002c7a   0x08002c7a   0x00000002   PAD
    0x08002c7c   0x08002c7c   0x00000030   Code   RO          176    .text.shift         spi.o
    0x08002cac   0x08002cac   0x00000038   Code   RO          162    .text.spi_send      spi.o
    0x08002ce4   0x08002ce4   0x00000040   Code   RO          104    .text.stepper_motor_init  final_functions.o
    0x08002d24   0x08002d24   0x0000002e   Code   RO          120    .text.water_control  final_functions.o
    0x08002d52   0x08002d52   0x00000002   PAD
    0x08002d54   0x08002d54   0x00000098   Code   RO          110    .text.water_level_init  final_functions.o
    0x08002dec   0x08002dec   0x00000020   Code   RO          118    .text.water_valve_init  final_functions.o
    0x08002e0c   0x08002e0c   0x0000003e   Code   RO          439    CL$$btod_d2e        c_w.l(btod.o)
    0x08002e4a   0x08002e4a   0x00000046   Code   RO          441    CL$$btod_d2e_denorm_low  c_w.l(btod.o)
    0x08002e90   0x08002e90   0x00000060   Code   RO          440    CL$$btod_d2e_norm_op1  c_w.l(btod.o)
    0x08002ef0   0x08002ef0   0x00000338   Code   RO          449    CL$$btod_div_common  c_w.l(btod.o)
    0x08003228   0x08003228   0x000000dc   Code   RO          446    CL$$btod_e2e        c_w.l(btod.o)
    0x08003304   0x08003304   0x0000002a   Code   RO          443    CL$$btod_ediv       c_w.l(btod.o)
    0x0800332e   0x0800332e   0x0000002a   Code   RO          442    CL$$btod_emul       c_w.l(btod.o)
    0x08003358   0x08003358   0x00000244   Code   RO          448    CL$$btod_mult_common  c_w.l(btod.o)
    0x0800359c   0x0800359c   0x00000030   Code   RO          479    i.__ARM_fpclassify  m_wm.l(fpclassify.o)
    0x080035cc   0x080035cc   0x0000007a   Code   RO          249    i.__hardfp_sqrt     m_wm.l(sqrt.o)
    0x08003646   0x08003646   0x0000000e   Code   RO          321    i._is_digit         c_w.l(__printf_wp.o)
    0x08003654   0x08003654   0x0000002c   Code   RO          464    locale$$code        c_w.l(lc_ctype_c.o)
    0x08003680   0x08003680   0x0000002c   Code   RO          467    locale$$code        c_w.l(lc_numeric_c.o)
    0x080036ac   0x080036ac   0x00000062   Code   RO          227    x$fpl$d2f           fz_wm.l(d2f.o)
    0x0800370e   0x0800370e   0x00000002   PAD
    0x08003710   0x08003710   0x00000150   Code   RO          229    x$fpl$dadd          fz_wm.l(daddsub_clz.o)
    0x08003860   0x08003860   0x00000018   Code   RO          423    x$fpl$dcmpinf       fz_wm.l(dcmpi.o)
    0x08003878   0x08003878   0x000002b4   Code   RO          238    x$fpl$ddiv          fz_wm.l(ddiv.o)
    0x08003b2c   0x08003b2c   0x00000078   Code   RO          356    x$fpl$deqf          fz_wm.l(deqf.o)
    0x08003ba4   0x08003ba4   0x0000002e   Code   RO          242    x$fpl$dflt          fz_wm.l(dflt_clz.o)
    0x08003bd2   0x08003bd2   0x00000002   PAD
    0x08003bd4   0x08003bd4   0x00000078   Code   RO          358    x$fpl$dgeqf         fz_wm.l(dgeqf.o)
    0x08003c4c   0x08003c4c   0x00000078   Code   RO          360    x$fpl$dleqf         fz_wm.l(dleqf.o)
    0x08003cc4   0x08003cc4   0x0000009c   Code   RO          362    x$fpl$dnaninf       fz_wm.l(dnaninf.o)
    0x08003d60   0x08003d60   0x0000000c   Code   RO          364    x$fpl$dretinf       fz_wm.l(dretinf.o)
    0x08003d6c   0x08003d6c   0x00000198   Code   RO          366    x$fpl$dsqrt         fz_wm.l(dsqrt_umaal.o)
    0x08003f04   0x08003f04   0x000001dc   Code   RO          231    x$fpl$dsub          fz_wm.l(daddsub_clz.o)
    0x080040e0   0x080040e0   0x00000056   Code   RO          247    x$fpl$f2d           fz_wm.l(f2d.o)
    0x08004136   0x08004136   0x00000054   Code   RO          235    x$fpl$fcmp          fz_wm.l(dcmp.o)
    0x0800418a   0x0800418a   0x0000008c   Code   RO          368    x$fpl$fnaninf       fz_wm.l(fnaninf.o)
    0x08004216   0x08004216   0x0000001a   Code   RO          545    x$fpl$fpinit        fz_wm.l(fpinit.o)
    0x08004230   0x08004230   0x0000000a   Code   RO          370    x$fpl$fretinf       fz_wm.l(fretinf.o)
    0x0800423a   0x0800423a   0x00000004   Code   RO          372    x$fpl$printf1       fz_wm.l(printf1.o)
    0x0800423e   0x0800423e   0x00000004   Code   RO          374    x$fpl$printf2       fz_wm.l(printf2.o)
    0x08004242   0x08004242   0x00000000   Code   RO          380    x$fpl$usenofp       fz_wm.l(usenofp.o)
    0x08004242   0x08004242   0x00000002   PAD
    0x08004244   0x08004244   0x00000008   Data   RO          280    .constdata          c_w.l(_printf_wctomb.o)
    0x0800424c   0x0800424c   0x00000028   Data   RO          309    .constdata          c_w.l(_printf_hex_int_ll_ptr.o)
    0x08004274   0x08004274   0x00000011   Data   RO          329    .constdata          c_w.l(__printf_flags_ss_wp.o)
    0x08004285   0x08004285   0x00000026   Data   RO          410    .constdata          c_w.l(_printf_fp_hex.o)
    0x080042ab   0x080042ab   0x00000001   PAD
    0x080042ac   0x080042ac   0x00000094   Data   RO          437    .constdata          c_w.l(bigflt0.o)
    0x08004340   0x08004340   0x00000028   Data   RO           21    .rodata.str1.1      main.o
    0x08004368   0x08004368   0x0000000f   Data   RO           65    .rodata.str1.1      lcd.o
    0x08004377   0x08004377   0x00000001   PAD
    0x08004378   0x08004378   0x00000020   Data   RO          620    Region$$Table       anon$$obj.o
    0x08004398   0x08004398   0x00000110   Data   RO          463    locale$$data        c_w.l(lc_ctype_c.o)
    0x080044a8   0x080044a8   0x0000001c   Data   RO          466    locale$$data        c_w.l(lc_numeric_c.o)


    Execution Region RW_IRAM1 (Exec base: 0x20000000, Load base: 0x080044c8, Size: 0x000006a0, Max: 0x00020000, ABSOLUTE)

    Exec Addr    Load Addr    Size         Type   Attr      Idx    E Section Name        Object

    0x20000000   0x080044c8   0x0000000c   Data   RW           95    .data.keypad        keypad.o
    0x2000000c   0x080044d4   0x00000004   PAD
    0x20000010        -       0x00000060   Zero   RW          382    .bss                c_w.l(libspace.o)
    0x20000070        -       0x00000008   Zero   RW           24    .bss.TIM3_IRQHandler.output  main.o
    0x20000078        -       0x00000001   Zero   RW           64    .bss.bf             lcd.o
    0x20000079        -       0x00000001   Zero   RW           20    .bss.current        main.o
    0x2000007a        -       0x00000008   Zero   RW           25    .bss.data_x         main.o
    0x20000082        -       0x00000010   Zero   RW           22    .bss.inputString    main.o
    0x20000092   0x080044d4   0x00000002   PAD
    0x20000094        -       0x00000004   Zero   RW           23    .bss.timerVal       main.o
    0x20000098        -       0x00000004   Zero   RW           96    .bss.timerVal       keypad.o
    0x2000009c        -       0x00000004   Zero   RW          122    .bss.timerVal       final_functions.o
    0x200000a0        -       0x00000200   Zero   RW          191    HEAP                startup_stm32f407xx.o
    0x200002a0        -       0x00000400   Zero   RW          190    STACK               startup_stm32f407xx.o


==============================================================================

Image component sizes


      Code (inc. data)   RO Data    RW Data    ZI Data      Debug   Object Name

       312          0          0          0          0       5304   buttons.o
      1154          0          0          0          4       6686   final_functions.o
       378          0          0          0          0       5417   infared.o
       816          8          0         12          4       6677   keypad.o
       788          0         15          0          1       3906   lcd.o
      1666         16         40          0         37       6960   main.o
       928         16          0          0          0       7286   spi.o
        64         26        392          0       1536        928   startup_stm32f407xx.o
       110          0          0          0          0       2710   system_stm32f4xx.o

    ----------------------------------------------------------------------
      6272         66        480         12       1588      45874   Object Totals
         0          0         32          0          0          0   (incl. Generated)
        56          0          1          0          6          0   (incl. Padding)

    ----------------------------------------------------------------------

      Code (inc. data)   RO Data    RW Data    ZI Data      Debug   Library Member Name

         8          0          0          0          0         68   __main.o
       392          4         17          0          0         92   __printf_flags_ss_wp.o
        14          0          0          0          0         68   __printf_wp.o
         0          0          0          0          0          0   __rtentry.o
        12          0          0          0          0          0   __rtentry2.o
         6          0          0          0          0          0   __rtentry4.o
        52          8          0          0          0          0   __scatter.o
        26          0          0          0          0          0   __scatter_copy.o
        28          0          0          0          0          0   __scatter_zi.o
        72          0          0          0          0         96   _c16rtomb.o
        28          0          0          0          0         68   _chval.o
         6          0          0          0          0          0   _printf_a.o
         6          0          0          0          0          0   _printf_c.o
        44          0          0          0          0        108   _printf_char.o
        48          6          0          0          0         96   _printf_char_common.o
        40          0          0          0          0         68   _printf_charcount.o
         6          0          0          0          0          0   _printf_d.o
       120         16          0          0          0         92   _printf_dec.o
         6          0          0          0          0          0   _printf_e.o
         6          0          0          0          0          0   _printf_f.o
      1052          0          0          0          0        148   _printf_fp_dec.o
       764          8         38          0          0        100   _printf_fp_hex.o
       128         16          0          0          0         84   _printf_fp_infnan.o
         6          0          0          0          0          0   _printf_g.o
       148          4         40          0          0        160   _printf_hex_int_ll_ptr.o
         6          0          0          0          0          0   _printf_i.o
       178          0          0          0          0         88   _printf_intcommon.o
        10          0          0          0          0          0   _printf_l.o
         6          0          0          0          0          0   _printf_lc.o
        10          0          0          0          0          0   _printf_ll.o
         6          0          0          0          0          0   _printf_lld.o
         6          0          0          0          0          0   _printf_lli.o
         6          0          0          0          0          0   _printf_llo.o
         6          0          0          0          0          0   _printf_llu.o
         6          0          0          0          0          0   _printf_llx.o
       124         16          0          0          0         92   _printf_longlong_dec.o
         6          0          0          0          0          0   _printf_ls.o
         6          0          0          0          0          0   _printf_n.o
         6          0          0          0          0          0   _printf_o.o
       112          8          0          0          0        124   _printf_oct_int_ll.o
         6          0          0          0          0          0   _printf_p.o
        78          0          0          0          0        108   _printf_pad.o
         0          0          0          0          0          0   _printf_percent.o
         4          0          0          0          0          0   _printf_percent_end.o
         6          0          0          0          0          0   _printf_s.o
        82          0          0          0          0         80   _printf_str.o
        36          0          0          0          0         84   _printf_truncate.o
         6          0          0          0          0          0   _printf_u.o
        44          0          0          0          0        108   _printf_wchar.o
       188          6          8          0          0         92   _printf_wctomb.o
         6          0          0          0          0          0   _printf_x.o
        22          0          0          0          0        100   _rserrno.o
        10          0          0          0          0         68   _sputc.o
       158          0          0          0          0         92   _strtoul.o
        26          0          0          0          0         80   atoi.o
       228          4        148          0          0         96   bigflt0.o
      1936        128          0          0          0        668   btod.o
        18          0          0          0          0         80   exit.o
         6          0          0          0          0        152   heapauxi.o
         0          0          0          0          0          0   indicate_semi.o
        44         10        272          0          0         76   lc_ctype_c.o
        44         10         28          0          0         76   lc_numeric_c.o
         2          0          0          0          0          0   libinit.o
        34          0          0          0          0          0   libinit2.o
         2          0          0          0          0          0   libshutdown.o
         2          0          0          0          0          0   libshutdown2.o
         8          4          0          0         96         68   libspace.o
       138          0          0          0          0         80   lludiv10.o
        16          4          0          0          0         76   rt_ctype_table.o
         8          4          0          0          0         68   rt_errno_addr_intlibspace.o
         8          4          0          0          0         68   rt_locale_intlibspace.o
         2          0          0          0          0          0   rtexit.o
        10          0          0          0          0          0   rtexit2.o
        44          6          0          0          0         84   sprintf.o
        24          0          0          0          0         68   strcat.o
       124          0          0          0          0         88   strcmpv7em.o
        62          0          0          0          0         76   strlen.o
       112          0          0          0          0         88   strtol.o
        12          4          0          0          0         68   sys_exit.o
        74          0          0          0          0         80   sys_stackheap_outer.o
         2          0          0          0          0         68   use_no_semi.o
        98          4          0          0          0        140   d2f.o
       812         16          0          0          0        392   daddsub_clz.o
        84          0          0          0          0        244   dcmp.o
        24          0          0          0          0        116   dcmpi.o
       692        140          0          0          0        264   ddiv.o
       120          4          0          0          0        140   deqf.o
        46          0          0          0          0        116   dflt_clz.o
       120          4          0          0          0        140   dgeqf.o
       120          4          0          0          0        140   dleqf.o
       156          4          0          0          0        140   dnaninf.o
        12          0          0          0          0        116   dretinf.o
       408         56          0          0          0        168   dsqrt_umaal.o
        86          4          0          0          0        132   f2d.o
       140          4          0          0          0        132   fnaninf.o
        26          0          0          0          0        116   fpinit.o
        10          0          0          0          0        116   fretinf.o
         4          0          0          0          0        116   printf1.o
         4          0          0          0          0        116   printf2.o
         0          0          0          0          0          0   usenofp.o
        48          0          0          0          0        124   fpclassify.o
       122          0          0          0          0        148   sqrt.o

    ----------------------------------------------------------------------
     10300        510        552          0         96       7608   Library Totals
        24          0          1          0          0          0   (incl. Padding)

    ----------------------------------------------------------------------

      Code (inc. data)   RO Data    RW Data    ZI Data      Debug   Library Name

      7144        270        551          0         96       4492   c_w.l
      2962        240          0          0          0       2844   fz_wm.l
       170          0          0          0          0        272   m_wm.l

    ----------------------------------------------------------------------
     10300        510        552          0         96       7608   Library Totals

    ----------------------------------------------------------------------

==============================================================================


      Code (inc. data)   RO Data    RW Data    ZI Data      Debug   

     16572        576       1032         12       1684      48998   Grand Totals
     16572        576       1032         12       1684      48998   ELF Image Totals
     16572        576       1032         12          0          0   ROM Totals

==============================================================================

    Total RO  Size (Code + RO Data)                17604 (  17.19kB)
    Total RW  Size (RW Data + ZI Data)              1696 (   1.66kB)
    Total ROM Size (Code + RO Data + RW Data)      17616 (  17.20kB)

==============================================================================

